Component: ARM Compiler 5.06 update 3 (build 300) Tool: armlink [4d35c9]

==============================================================================

Section Cross References

    startup_stm32f4xx.o(RESET) refers to startup_stm32f4xx.o(STACK) for __initial_sp
    startup_stm32f4xx.o(RESET) refers to startup_stm32f4xx.o(.text) for Reset_Handler
    startup_stm32f4xx.o(RESET) refers to stm32f4xx_it.o(.text) for NMI_Handler
    startup_stm32f4xx.o(RESET) refers to dbus.o(.text) for DMA1_Stream5_IRQHandler
    startup_stm32f4xx.o(RESET) refers to android.o(.text) for USART1_IRQHandler
    startup_stm32f4xx.o(RESET) refers to uart5.o(.text) for UART5_IRQHandler
    startup_stm32f4xx.o(.text) refers to system_stm32f4xx.o(.text) for SystemInit
    startup_stm32f4xx.o(.text) refers to entry.o(.ARM.Collect$$$$00000000) for __main
    stm32f4xx_cryp.o(.text) refers to stm32f4xx_rcc.o(.text) for RCC_AHB2PeriphResetCmd
    stm32f4xx_cryp_aes.o(.text) refers to stm32f4xx_cryp.o(.text) for CRYP_KeyStructInit
    stm32f4xx_cryp_des.o(.text) refers to stm32f4xx_cryp.o(.text) for CRYP_KeyStructInit
    stm32f4xx_cryp_tdes.o(.text) refers to stm32f4xx_cryp.o(.text) for CRYP_KeyStructInit
    stm32f4xx_gpio.o(.text) refers to stm32f4xx_rcc.o(.text) for RCC_AHB1PeriphResetCmd
    stm32f4xx_i2c.o(.text) refers to stm32f4xx_rcc.o(.text) for RCC_APB1PeriphResetCmd
    stm32f4xx_pwr.o(.text) refers to stm32f4xx_rcc.o(.text) for RCC_APB1PeriphResetCmd
    stm32f4xx_rcc.o(.text) refers to stm32f4xx_rcc.o(.data) for APBAHBPrescTable
    stm32f4xx_spi.o(.text) refers to stm32f4xx_rcc.o(.text) for RCC_APB2PeriphResetCmd
    stm32f4xx_syscfg.o(.text) refers to stm32f4xx_rcc.o(.text) for RCC_APB2PeriphResetCmd
    stm32f4xx_tim.o(.text) refers to stm32f4xx_rcc.o(.text) for RCC_APB2PeriphResetCmd
    stm32f4xx_usart.o(.text) refers to stm32f4xx_rcc.o(.text) for RCC_APB2PeriphResetCmd
    stm32f4xx_wwdg.o(.text) refers to stm32f4xx_rcc.o(.text) for RCC_APB1PeriphResetCmd
    system_stm32f4xx.o(.text) refers to system_stm32f4xx.o(.data) for SystemCoreClock
    android.o(.text) refers to stm32f4xx_rcc.o(.text) for RCC_AHB1PeriphClockCmd
    android.o(.text) refers to stm32f4xx_gpio.o(.text) for GPIO_PinAFConfig
    android.o(.text) refers to stm32f4xx_usart.o(.text) for USART_DeInit
    android.o(.text) refers to misc.o(.text) for NVIC_Init
    android.o(.text) refers to stm32f4xx_dma.o(.text) for DMA_DeInit
    android.o(.text) refers to pwm_out.o(.text) for AndroidRPM
    android.o(.text) refers to android.o(.bss) for tx_buffer
    schedule.o(.text) refers to time.o(.text) for Get_Cycle_T
    schedule.o(.text) refers to pwm_out.o(.text) for TestRPM
    schedule.o(.text) refers to dbus.o(.text) for RC_Check
    schedule.o(.text) refers to schedule.o(.data) for timer_50ms
    schedule.o(.text) refers to schedule.o(.bss) for schedule
    board.o(.text) refers to stm32f4xx_rcc.o(.text) for RCC_GetClocksFreq
    board.o(.text) refers to misc.o(.text) for SysTick_CLKSourceConfig
    board.o(.text) refers to led.o(.text) for Led_Init
    board.o(.text) refers to android.o(.text) for Android_Serialport_Config
    board.o(.text) refers to pwm_out.o(.text) for TIM3_PWM_Init
    board.o(.text) refers to dbus.o(.text) for Dbus_Configuration
    board.o(.text) refers to board.o(.data) for sysTickUptime
    board.o(.text) refers to pwm_out.o(.data) for aircraft
    control.o(.text) refers to mymath.o(.text) for To_180_degrees
    control.o(.text) refers to control.o(.bss) for thr
    control.o(.text) refers to android.o(.bss) for RC
    control.o(.text) refers to imu.o(.bss) for angle
    control.o(.text) refers to parameter.o(.bss) for parameter
    control.o(.text) refers to dflti.o(.text) for __aeabi_i2d
    control.o(.text) refers to dmul.o(.text) for __aeabi_dmul
    control.o(.text) refers to dadd.o(.text) for __aeabi_dadd
    control.o(.text) refers to d2f.o(.text) for __aeabi_d2f
    control.o(.text) refers to pwm_out.o(.data) for aircraft
    data_send.o(.text) refers to memseta.o(.text) for __aeabi_memclr4
    data_send.o(.text) refers to board.o(.text) for GetSysTime_us
    data_send.o(.text) refers to usart1.o(.text) for Usart1_SendChar
    data_send.o(.text) refers to mpu6050.o(.bss) for sensor
    data_send.o(.text) refers to imu.o(.bss) for angle
    data_send.o(.text) refers to control.o(.bss) for thr
    data_send.o(.text) refers to android.o(.bss) for RC
    data_send.o(.text) refers to pwm_out.o(.bss) for speed
    dbus.o(.text) refers to stm32f4xx_rcc.o(.text) for RCC_AHB1PeriphClockCmd
    dbus.o(.text) refers to stm32f4xx_gpio.o(.text) for GPIO_PinAFConfig
    dbus.o(.text) refers to stm32f4xx_usart.o(.text) for USART_DeInit
    dbus.o(.text) refers to misc.o(.text) for NVIC_Init
    dbus.o(.text) refers to stm32f4xx_dma.o(.text) for DMA_DeInit
    dbus.o(.text) refers to mymath.o(.text) for my_deathzoom
    dbus.o(.text) refers to android.o(.text) for SendToAndroid
    dbus.o(.text) refers to android.o(.bss) for RC
[...]
    rredf.o(.constdata) refers (Special) to iusefp.o(.text) for __I$use$fp
    sin_i.o(i.__kernel_sin) refers (Special) to iusefp.o(.text) for __I$use$fp
    sin_i.o(i.__kernel_sin) refers to fpclassify.o(i.__ARM_fpclassify) for __ARM_fpclassify
    sin_i.o(i.__kernel_sin) refers to dunder.o(i.__mathlib_dbl_underflow) for __mathlib_dbl_underflow
    sin_i.o(i.__kernel_sin) refers to dmul.o(.text) for __aeabi_dmul
    sin_i.o(i.__kernel_sin) refers to poly.o(i.__kernel_poly) for __kernel_poly
    sin_i.o(i.__kernel_sin) refers to dadd.o(.text) for __aeabi_dsub
    sin_i.o(i.__kernel_sin) refers to sin_i.o(.constdata) for .constdata
    sin_i.o(.constdata) refers (Special) to iusefp.o(.text) for __I$use$fp
    sin_i_x.o(i.____kernel_sin$lsc) refers (Special) to iusefp.o(.text) for __I$use$fp
    sin_i_x.o(i.____kernel_sin$lsc) refers to dmul.o(.text) for __aeabi_dmul
    sin_i_x.o(i.____kernel_sin$lsc) refers to poly.o(i.__kernel_poly) for __kernel_poly
    sin_i_x.o(i.____kernel_sin$lsc) refers to dadd.o(.text) for __aeabi_dsub
    sin_i_x.o(i.____kernel_sin$lsc) refers to sin_i_x.o(.constdata) for .constdata
    sin_i_x.o(.constdata) refers (Special) to iusefp.o(.text) for __I$use$fp
    sqrt.o(i.__hardfp_sqrt) refers (Special) to iusefp.o(.text) for __I$use$fp
    sqrt.o(i.__hardfp_sqrt) refers to dsqrt.o(.text) for _dsqrt
    sqrt.o(i.__hardfp_sqrt) refers to errno.o(i.__set_errno) for __set_errno
    sqrt.o(i.__softfp_sqrt) refers (Special) to iusefp.o(.text) for __I$use$fp
    sqrt.o(i.__softfp_sqrt) refers to dsqrt.o(.text) for _dsqrt
    sqrt.o(i.__softfp_sqrt) refers to errno.o(i.__set_errno) for __set_errno
    sqrt.o(i.sqrt) refers (Special) to iusefp.o(.text) for __I$use$fp
    sqrt.o(i.sqrt) refers to dsqrt.o(.text) for _dsqrt
    sqrt.o(i.sqrt) refers to errno.o(i.__set_errno) for __set_errno
    sqrt_x.o(i.____hardfp_sqrt$lsc) refers (Special) to iusefp.o(.text) for __I$use$fp
    sqrt_x.o(i.____hardfp_sqrt$lsc) refers to cdcmple.o(.text) for __aeabi_cdcmple
    sqrt_x.o(i.____hardfp_sqrt$lsc) refers to errno.o(i.__set_errno) for __set_errno
    sqrt_x.o(i.____hardfp_sqrt$lsc) refers to dsqrt.o(.text) for _dsqrt
    sqrt_x.o(i.____softfp_sqrt$lsc) refers (Special) to iusefp.o(.text) for __I$use$fp
    sqrt_x.o(i.____softfp_sqrt$lsc) refers to cdcmple.o(.text) for __aeabi_cdcmple
    sqrt_x.o(i.____softfp_sqrt$lsc) refers to errno.o(i.__set_errno) for __set_errno
    sqrt_x.o(i.____softfp_sqrt$lsc) refers to dsqrt.o(.text) for _dsqrt
    sqrt_x.o(i.__sqrt$lsc) refers (Special) to iusefp.o(.text) for __I$use$fp
    sqrt_x.o(i.__sqrt$lsc) refers to cdcmple.o(.text) for __aeabi_cdcmple
    sqrt_x.o(i.__sqrt$lsc) refers to errno.o(i.__set_errno) for __set_errno
    sqrt_x.o(i.__sqrt$lsc) refers to dsqrt.o(.text) for _dsqrt
    entry2.o(.ARM.Collect$$$$00000001) refers to entry2.o(.ARM.Collect$$$$00002712) for __lit__00000000
    entry2.o(.ARM.Collect$$$$00002712) refers to startup_stm32f4xx.o(STACK) for __initial_sp
    entry2.o(__vectab_stack_and_reset_area) refers to startup_stm32f4xx.o(STACK) for __initial_sp
    entry2.o(__vectab_stack_and_reset_area) refers to entry.o(.ARM.Collect$$$$00000000) for __main
    entry5.o(.ARM.Collect$$$$00000004) refers to init.o(.text) for __scatterload
    entry9a.o(.ARM.Collect$$$$0000000B) refers to main.o(.text) for main
    entry9b.o(.ARM.Collect$$$$0000000C) refers to main.o(.text) for main
    errno.o(i.__aeabi_errno_addr) refers to errno.o(.data) for .data
    errno.o(i.__read_errno) refers to errno.o(.data) for .data
    errno.o(i.__set_errno) refers to errno.o(.data) for .data
    depilogue.o(.text) refers to llshl.o(.text) for __aeabi_llsl
    depilogue.o(.text) refers to llushr.o(.text) for __aeabi_llsr
    init.o(.text) refers to entry5.o(.ARM.Collect$$$$00000004) for __main_after_scatterload
    dsqrt.o(.text) refers to llushr.o(.text) for __aeabi_llsr
    dsqrt.o(.text) refers to depilogue.o(.text) for _double_round
    dfltui.o(.text) refers to depilogue.o(.text) for _double_epilogue


==============================================================================

Removing Unused input sections from the image.

    Removing misc.o(.rev16_text), (4 bytes).
    Removing misc.o(.revsh_text), (4 bytes).
    Removing startup_stm32f4xx.o(HEAP), (512 bytes).
    Removing stm32f4xx_crc.o(.rev16_text), (4 bytes).
    Removing stm32f4xx_crc.o(.revsh_text), (4 bytes).
    Removing stm32f4xx_crc.o(.text), (72 bytes).
    Removing stm32f4xx_cryp.o(.rev16_text), (4 bytes).
    Removing stm32f4xx_cryp.o(.revsh_text), (4 bytes).
    Removing stm32f4xx_cryp.o(.text), (660 bytes).
    Removing stm32f4xx_cryp_aes.o(.rev16_text), (4 bytes).
    Removing stm32f4xx_cryp_aes.o(.revsh_text), (4 bytes).
    Removing stm32f4xx_cryp_aes.o(.text), (1524 bytes).
    Removing stm32f4xx_cryp_des.o(.rev16_text), (4 bytes).
    Removing stm32f4xx_cryp_des.o(.revsh_text), (4 bytes).
    Removing stm32f4xx_cryp_des.o(.text), (468 bytes).
    Removing stm32f4xx_cryp_tdes.o(.rev16_text), (4 bytes).
    Removing stm32f4xx_cryp_tdes.o(.revsh_text), (4 bytes).
    Removing stm32f4xx_cryp_tdes.o(.text), (532 bytes).
    Removing stm32f4xx_dbgmcu.o(.rev16_text), (4 bytes).
    Removing stm32f4xx_dbgmcu.o(.revsh_text), (4 bytes).
    Removing stm32f4xx_dbgmcu.o(.text), (100 bytes).
    Removing stm32f4xx_dcmi.o(.rev16_text), (4 bytes).
    Removing stm32f4xx_dcmi.o(.revsh_text), (4 bytes).
    Removing stm32f4xx_dcmi.o(.text), (396 bytes).
    Removing stm32f4xx_dma.o(.rev16_text), (4 bytes).
    Removing stm32f4xx_dma.o(.revsh_text), (4 bytes).
    Removing stm32f4xx_exti.o(.rev16_text), (4 bytes).
    Removing stm32f4xx_exti.o(.revsh_text), (4 bytes).
    Removing stm32f4xx_exti.o(.text), (284 bytes).
    Removing stm32f4xx_flash.o(.rev16_text), (4 bytes).
    Removing stm32f4xx_flash.o(.revsh_text), (4 bytes).
    Removing stm32f4xx_flash.o(.text), (1212 bytes).
    Removing stm32f4xx_gpio.o(.rev16_text), (4 bytes).
    Removing stm32f4xx_gpio.o(.revsh_text), (4 bytes).
    Removing stm32f4xx_i2c.o(.rev16_text), (4 bytes).
    Removing stm32f4xx_i2c.o(.revsh_text), (4 bytes).
    Removing stm32f4xx_i2c.o(.text), (1064 bytes).
    Removing stm32f4xx_iwdg.o(.rev16_text), (4 bytes).
    Removing stm32f4xx_iwdg.o(.revsh_text), (4 bytes).
    Removing stm32f4xx_iwdg.o(.text), (64 bytes).
    Removing stm32f4xx_pwr.o(.rev16_text), (4 bytes).
    Removing stm32f4xx_pwr.o(.revsh_text), (4 bytes).
    Removing stm32f4xx_pwr.o(.text), (248 bytes).
    Removing stm32f4xx_rcc.o(.rev16_text), (4 bytes).
    Removing stm32f4xx_rcc.o(.revsh_text), (4 bytes).
    Removing stm32f4xx_rtc.o(.rev16_text), (4 bytes).
    Removing stm32f4xx_rtc.o(.revsh_text), (4 bytes).
    Removing stm32f4xx_rtc.o(.text), (3432 bytes).
    Removing stm32f4xx_spi.o(.rev16_text), (4 bytes).
    Removing stm32f4xx_spi.o(.revsh_text), (4 bytes).
    Removing stm32f4xx_spi.o(.text), (1016 bytes).
    Removing stm32f4xx_syscfg.o(.rev16_text), (4 bytes).
    Removing stm32f4xx_syscfg.o(.revsh_text), (4 bytes).
    Removing stm32f4xx_syscfg.o(.text), (140 bytes).
    Removing stm32f4xx_tim.o(.rev16_text), (4 bytes).
    Removing stm32f4xx_tim.o(.revsh_text), (4 bytes).
    Removing stm32f4xx_usart.o(.rev16_text), (4 bytes).
    Removing stm32f4xx_usart.o(.revsh_text), (4 bytes).
    Removing stm32f4xx_wwdg.o(.rev16_text), (4 bytes).
    Removing stm32f4xx_wwdg.o(.revsh_text), (4 bytes).
    Removing stm32f4xx_wwdg.o(.text), (144 bytes).
    Removing system_stm32f4xx.o(.rev16_text), (4 bytes).
    Removing system_stm32f4xx.o(.revsh_text), (4 bytes).
    Removing android.o(.rev16_text), (4 bytes).
    Removing android.o(.revsh_text), (4 bytes).
    Removing android.o(.data), (6 bytes).
    Removing schedule.o(.rev16_text), (4 bytes).
    Removing schedule.o(.revsh_text), (4 bytes).
    Removing board.o(.rev16_text), (4 bytes).
    Removing board.o(.revsh_text), (4 bytes).
    Removing control.o(.rev16_text), (4 bytes).
    Removing control.o(.revsh_text), (4 bytes).
    Removing control.o(.text), (3596 bytes).
    Removing data_send.o(.rev16_text), (4 bytes).
    Removing data_send.o(.revsh_text), (4 bytes).
    Removing data_send.o(.text), (1040 bytes).
    Removing dbus.o(.rev16_text), (4 bytes).
    Removing dbus.o(.revsh_text), (4 bytes).
    Removing filter.o(.rev16_text), (4 bytes).
    Removing filter.o(.revsh_text), (4 bytes).
    Removing filter.o(.text), (3992 bytes).
    Removing filter.o(.data), (272 bytes).
    Removing flash.o(.rev16_text), (4 bytes).
    Removing flash.o(.revsh_text), (4 bytes).
    Removing flash.o(.text), (204 bytes).
    Removing height_control.o(.rev16_text), (4 bytes).
    Removing height_control.o(.revsh_text), (4 bytes).
    Removing height_control.o(.text), (752 bytes).
    Removing imu.o(.rev16_text), (4 bytes).
    Removing imu.o(.revsh_text), (4 bytes).
    Removing imu.o(.text), (1704 bytes).
    Removing inertialnav.o(.rev16_text), (4 bytes).
    Removing inertialnav.o(.revsh_text), (4 bytes).
    Removing inertialnav.o(.text), (476 bytes).
    Removing inertialnav.o(.bss), (96 bytes).
    Removing inertialnav.o(.data), (8 bytes).
    Removing led.o(.rev16_text), (4 bytes).
    Removing led.o(.revsh_text), (4 bytes).
    Removing mpu6050.o(.rev16_text), (4 bytes).
    Removing mpu6050.o(.revsh_text), (4 bytes).
    Removing mpu6050.o(.text), (1504 bytes).
    Removing mpu6050.o(.bss), (316 bytes).
    Removing ms5611.o(.rev16_text), (4 bytes).
    Removing ms5611.o(.revsh_text), (4 bytes).
    Removing ms5611.o(.text), (908 bytes).
    Removing ms5611.o(.bss), (56 bytes).
    Removing ms5611.o(.data), (12 bytes).
    Removing mymath.o(.rev16_text), (4 bytes).
    Removing mymath.o(.revsh_text), (4 bytes).
    Removing parameter.o(.rev16_text), (4 bytes).
    Removing parameter.o(.revsh_text), (4 bytes).
    Removing parameter.o(.text), (340 bytes).
    Removing parameter.o(.bss), (72 bytes).
    Removing pwm_out.o(.rev16_text), (4 bytes).
    Removing pwm_out.o(.revsh_text), (4 bytes).
    Removing softiic.o(.rev16_text), (4 bytes).
    Removing softiic.o(.revsh_text), (4 bytes).
    Removing softiic.o(.text), (912 bytes).
    Removing softiic.o(.data), (1 bytes).
    Removing spi.o(.rev16_text), (4 bytes).
    Removing spi.o(.revsh_text), (4 bytes).
    Removing spi.o(.text), (280 bytes).
    Removing time.o(.rev16_text), (4 bytes).
    Removing time.o(.revsh_text), (4 bytes).
    Removing uart5.o(.rev16_text), (4 bytes).
    Removing uart5.o(.revsh_text), (4 bytes).
    Removing usart1.o(.rev16_text), (4 bytes).
    Removing usart1.o(.revsh_text), (4 bytes).
    Removing usart1.o(.text), (204 bytes).
    Removing usart1.o(.data), (4 bytes).
    Removing main.o(.rev16_text), (4 bytes).
    Removing main.o(.revsh_text), (4 bytes).
    Removing stm32f4xx_it.o(.rev16_text), (4 bytes).
    Removing stm32f4xx_it.o(.revsh_text), (4 bytes).
    Removing dneg.o(.text), (6 bytes).
    Removing dscalb.o(.text), (46 bytes).
    Removing dsqrt.o(.text), (162 bytes).

137 unused section(s) (total 29213 bytes) removed from the image.

==============================================================================

Image Symbol Table

    Local Symbols

    Symbol Name                              Value     Ov Type        Size  Object(Section)

    ../clib/../cmprslib/zerorunl2.c          0x00000000   Number         0  __dczerorl2.o ABSOLUTE
    ../clib/microlib/errno.c                 0x00000000   Number         0  errno.o ABSOLUTE
    ../clib/microlib/init/entry.s            0x00000000   Number         0  entry10b.o ABSOLUTE
    ../clib/microlib/init/entry.s            0x00000000   Number         0  entry10a.o ABSOLUTE
    ../clib/microlib/init/entry.s            0x00000000   Number         0  entry2.o ABSOLUTE
    ../clib/microlib/init/entry.s            0x00000000   Number         0  entry9b.o ABSOLUTE
    ../clib/microlib/init/entry.s            0x00000000   Number         0  entry9a.o ABSOLUTE
    ../clib/microlib/init/entry.s            0x00000000   Number         0  entry8b.o ABSOLUTE
    ../clib/microlib/init/entry.s            0x00000000   Number         0  entry7b.o ABSOLUTE
    ../clib/microlib/init/entry.s            0x00000000   Number         0  entry7a.o ABSOLUTE
    ../clib/microlib/init/entry.s            0x00000000   Number         0  entry5.o ABSOLUTE
    ../clib/microlib/init/entry.s            0x00000000   Number         0  entry11b.o ABSOLUTE
    ../clib/microlib/init/entry.s            0x00000000   Number         0  entry.o ABSOLUTE
    ../clib/microlib/init/entry.s            0x00000000   Number         0  entry8a.o ABSOLUTE
    ../clib/microlib/init/entry.s            0x00000000   Number         0  entry11a.o ABSOLUTE
    ../clib/microlib/longlong.c              0x00000000   Number         0  llsshr.o ABSOLUTE
    ../clib/microlib/longlong.c              0x00000000   Number         0  llushr.o ABSOLUTE
    ../clib/microlib/longlong.c              0x00000000   Number         0  llshl.o ABSOLUTE
    ../clib/microlib/string/memset.c         0x00000000   Number         0  memseta.o ABSOLUTE
    ../clib/microlib/stubs.s                 0x00000000   Number         0  iusefp.o ABSOLUTE
    ../clib/microlib/stubs.s                 0x00000000   Number         0  useno.o ABSOLUTE
    ../fplib/microlib/d2f.c                  0x00000000   Number         0  d2f.o ABSOLUTE
    ../fplib/microlib/f2d.c                  0x00000000   Number         0  f2d.o ABSOLUTE
    ../fplib/microlib/fpadd.c                0x00000000   Number         0  dadd.o ABSOLUTE
    ../fplib/microlib/fpdiv.c                0x00000000   Number         0  ddiv.o ABSOLUTE
    ../fplib/microlib/fpepilogue.c           0x00000000   Number         0  depilogue.o ABSOLUTE
    ../fplib/microlib/fpepilogue.c           0x00000000   Number         0  fepilogue.o ABSOLUTE
    ../fplib/microlib/fpfix.c                0x00000000   Number         0  dfixi.o ABSOLUTE
    ../fplib/microlib/fpflt.c                0x00000000   Number         0  dfltui.o ABSOLUTE
    ../fplib/microlib/fpflt.c                0x00000000   Number         0  dflti.o ABSOLUTE
    ../fplib/microlib/fpmul.c                0x00000000   Number         0  dmul.o ABSOLUTE
    ../fplib/microlib/fpneg.c                0x00000000   Number         0  dneg.o ABSOLUTE
    ../fplib/microlib/fpscalb.c              0x00000000   Number         0  dscalb.o ABSOLUTE
    ../fplib/microlib/fpsqrt.c               0x00000000   Number         0  dsqrt.o ABSOLUTE
    ../mathlib/asin.c                        0x00000000   Number         0  asin_x.o ABSOLUTE
    ../mathlib/asin.c                        0x00000000   Number         0  asin.o ABSOLUTE
    ../mathlib/cos.c                         0x00000000   Number         0  cos.o ABSOLUTE
    ../mathlib/cos.c                         0x00000000   Number         0  cos_x.o ABSOLUTE
    ../mathlib/cos_i.c                       0x00000000   Number         0  cos_i.o ABSOLUTE
    ../mathlib/cosf.c                        0x00000000   Number         0  cosf.o ABSOLUTE
    ../mathlib/cosf.c                        0x00000000   Number         0  cosf_x.o ABSOLUTE
    ../mathlib/dunder.c                      0x00000000   Number         0  dunder.o ABSOLUTE
    ../mathlib/fabs.c                        0x00000000   Number         0  fabs.o ABSOLUTE
    ../mathlib/fpclassify.c                  0x00000000   Number         0  fpclassify.o ABSOLUTE
    ../mathlib/fpclassifyf.c                 0x00000000   Number         0  fpclassifyf.o ABSOLUTE
    ../mathlib/funder.c                      0x00000000   Number         0  funder.o ABSOLUTE
    ../mathlib/poly.c                        0x00000000   Number         0  poly.o ABSOLUTE
    ../mathlib/pow.c                         0x00000000   Number         0  pow.o ABSOLUTE
    ../mathlib/pow.c                         0x00000000   Number         0  pow_x.o ABSOLUTE
    ../mathlib/qnan.c                        0x00000000   Number         0  qnan.o ABSOLUTE
    ../mathlib/rred.c                        0x00000000   Number         0  rred.o ABSOLUTE
    ../mathlib/rredf.c                       0x00000000   Number         0  rredf.o ABSOLUTE
    ../mathlib/sin_i.c                       0x00000000   Number         0  sin_i.o ABSOLUTE
    ../mathlib/sin_i.c                       0x00000000   Number         0  sin_i_x.o ABSOLUTE
    ../mathlib/sqrt.c                        0x00000000   Number         0  sqrt.o ABSOLUTE
    ../mathlib/sqrt.c                        0x00000000   Number         0  sqrt_x.o ABSOLUTE
    ../mathlib/tanf.c                        0x00000000   Number         0  tanf.o ABSOLUTE
    ../mathlib/tanf.c                        0x00000000   Number         0  tanf_x.o ABSOLUTE
    Mylib\\android.c                         0x00000000   Number         0  android.o ABSOLUTE
    Mylib\\board.c                           0x00000000   Number         0  board.o ABSOLUTE
    Mylib\\control.c                         0x00000000   Number         0  control.o ABSOLUTE
    Mylib\\data_send.c                       0x00000000   Number         0  data_send.o ABSOLUTE
    Mylib\\dbus.c                            0x00000000   Number         0  dbus.o ABSOLUTE
    Mylib\\filter.c                          0x00000000   Number         0  filter.o ABSOLUTE
    Mylib\\flash.c                           0x00000000   Number         0  flash.o ABSOLUTE
    Mylib\\height_control.c                  0x00000000   Number         0  height_control.o ABSOLUTE
    Mylib\\imu.c                             0x00000000   Number         0  imu.o ABSOLUTE
    Mylib\\inertialNav.c                     0x00000000   Number         0  inertialnav.o ABSOLUTE
    Mylib\\led.c                             0x00000000   Number         0  led.o ABSOLUTE
    Mylib\\mpu6050.c                         0x00000000   Number         0  mpu6050.o ABSOLUTE
    Mylib\\ms5611.c                          0x00000000   Number         0  ms5611.o ABSOLUTE
    Mylib\\mymath.c                          0x00000000   Number         0  mymath.o ABSOLUTE
    Mylib\\parameter.c                       0x00000000   Number         0  parameter.o ABSOLUTE
    Mylib\\pwm_out.c                         0x00000000   Number         0  pwm_out.o ABSOLUTE
    Mylib\\schedule.c                        0x00000000   Number         0  schedule.o ABSOLUTE
    Mylib\\softiic.c                         0x00000000   Number         0  softiic.o ABSOLUTE
    Mylib\\spi.c                             0x00000000   Number         0  spi.o ABSOLUTE
    Mylib\\time.c                            0x00000000   Number         0  time.o ABSOLUTE
    Mylib\\uart5.c                           0x00000000   Number         0  uart5.o ABSOLUTE
    Mylib\\usart1.c                          0x00000000   Number         0  usart1.o ABSOLUTE
    Mylib\android.c                          0x00000000   Number         0  android.o ABSOLUTE
    Mylib\board.c                            0x00000000   Number         0  board.o ABSOLUTE
    Mylib\control.c                          0x00000000   Number         0  control.o ABSOLUTE
    Mylib\data_send.c                        0x00000000   Number         0  data_send.o ABSOLUTE
    Mylib\dbus.c                             0x00000000   Number         0  dbus.o ABSOLUTE
    Mylib\filter.c                           0x00000000   Number         0  filter.o ABSOLUTE
    Mylib\flash.c                            0x00000000   Number         0  flash.o ABSOLUTE
    Mylib\height_control.c                   0x00000000   Number         0  height_control.o ABSOLUTE
    Mylib\imu.c                              0x00000000   Number         0  imu.o ABSOLUTE
    Mylib\inertialNav.c                      0x00000000   Number         0  inertialnav.o ABSOLUTE
    Mylib\led.c                              0x00000000   Number         0  led.o ABSOLUTE
    Mylib\mpu6050.c                          0x00000000   Number         0  mpu6050.o ABSOLUTE
    Mylib\ms5611.c                           0x00000000   Number         0  ms5611.o ABSOLUTE
    Mylib\mymath.c                           0x00000000   Number         0  mymath.o ABSOLUTE
    Mylib\parameter.c                        0x00000000   Number         0  parameter.o ABSOLUTE
    Mylib\pwm_out.c                          0x00000000   Number         0  pwm_out.o ABSOLUTE
    Mylib\schedule.c                         0x00000000   Number         0  schedule.o ABSOLUTE
    Mylib\softiic.c                          0x00000000   Number         0  softiic.o ABSOLUTE
    Mylib\spi.c                              0x00000000   Number         0  spi.o ABSOLUTE
    Mylib\time.c                             0x00000000   Number         0  time.o ABSOLUTE
    Mylib\uart5.c                            0x00000000   Number         0  uart5.o ABSOLUTE
    Mylib\usart1.c                           0x00000000   Number         0  usart1.o ABSOLUTE
    Mylib\usart2.c                           0x00000000   Number         0  usart2.o ABSOLUTE
    STM32F4 StdLib\\misc.c                   0x00000000   Number         0  misc.o ABSOLUTE
    STM32F4 StdLib\\stm32f4xx_crc.c          0x00000000   Number         0  stm32f4xx_crc.o ABSOLUTE
    STM32F4 StdLib\\stm32f4xx_cryp.c         0x00000000   Number         0  stm32f4xx_cryp.o ABSOLUTE
    STM32F4 StdLib\\stm32f4xx_cryp_aes.c     0x00000000   Number         0  stm32f4xx_cryp_aes.o ABSOLUTE
    STM32F4 StdLib\\stm32f4xx_cryp_des.c     0x00000000   Number         0  stm32f4xx_cryp_des.o ABSOLUTE
    STM32F4 StdLib\\stm32f4xx_cryp_tdes.c    0x00000000   Number         0  stm32f4xx_cryp_tdes.o ABSOLUTE
    STM32F4 StdLib\\stm32f4xx_dbgmcu.c       0x00000000   Number         0  stm32f4xx_dbgmcu.o ABSOLUTE
    STM32F4 StdLib\\stm32f4xx_dcmi.c         0x00000000   Number         0  stm32f4xx_dcmi.o ABSOLUTE
    STM32F4 StdLib\\stm32f4xx_dma.c          0x00000000   Number         0  stm32f4xx_dma.o ABSOLUTE
    STM32F4 StdLib\\stm32f4xx_exti.c         0x00000000   Number         0  stm32f4xx_exti.o ABSOLUTE
    STM32F4 StdLib\\stm32f4xx_flash.c        0x00000000   Number         0  stm32f4xx_flash.o ABSOLUTE
    STM32F4 StdLib\\stm32f4xx_gpio.c         0x00000000   Number         0  stm32f4xx_gpio.o ABSOLUTE
    STM32F4 StdLib\\stm32f4xx_i2c.c          0x00000000   Number         0  stm32f4xx_i2c.o ABSOLUTE
    STM32F4 StdLib\\stm32f4xx_iwdg.c         0x00000000   Number         0  stm32f4xx_iwdg.o ABSOLUTE
    STM32F4 StdLib\\stm32f4xx_pwr.c          0x00000000   Number         0  stm32f4xx_pwr.o ABSOLUTE
    STM32F4 StdLib\\stm32f4xx_rcc.c          0x00000000   Number         0  stm32f4xx_rcc.o ABSOLUTE
    STM32F4 StdLib\\stm32f4xx_rtc.c          0x00000000   Number         0  stm32f4xx_rtc.o ABSOLUTE
    STM32F4 StdLib\\stm32f4xx_spi.c          0x00000000   Number         0  stm32f4xx_spi.o ABSOLUTE
    STM32F4 StdLib\\stm32f4xx_syscfg.c       0x00000000   Number         0  stm32f4xx_syscfg.o ABSOLUTE
    STM32F4 StdLib\\stm32f4xx_tim.c          0x00000000   Number         0  stm32f4xx_tim.o ABSOLUTE
    STM32F4 StdLib\\stm32f4xx_usart.c        0x00000000   Number         0  stm32f4xx_usart.o ABSOLUTE
    STM32F4 StdLib\\stm32f4xx_wwdg.c         0x00000000   Number         0  stm32f4xx_wwdg.o ABSOLUTE
    STM32F4 StdLib\\system_stm32f4xx.c       0x00000000   Number         0  system_stm32f4xx.o ABSOLUTE
    STM32F4 StdLib\misc.c                    0x00000000   Number         0  misc.o ABSOLUTE
    STM32F4 StdLib\startup_stm32f4xx.s       0x00000000   Number         0  startup_stm32f4xx.o ABSOLUTE
    STM32F4 StdLib\stm32f4xx_crc.c           0x00000000   Number         0  stm32f4xx_crc.o ABSOLUTE
    STM32F4 StdLib\stm32f4xx_cryp.c          0x00000000   Number         0  stm32f4xx_cryp.o ABSOLUTE
    STM32F4 StdLib\stm32f4xx_cryp_aes.c      0x00000000   Number         0  stm32f4xx_cryp_aes.o ABSOLUTE
    STM32F4 StdLib\stm32f4xx_cryp_des.c      0x00000000   Number         0  stm32f4xx_cryp_des.o ABSOLUTE
    STM32F4 StdLib\stm32f4xx_cryp_tdes.c     0x00000000   Number         0  stm32f4xx_cryp_tdes.o ABSOLUTE
    STM32F4 StdLib\stm32f4xx_dbgmcu.c        0x00000000   Number         0  stm32f4xx_dbgmcu.o ABSOLUTE
    STM32F4 StdLib\stm32f4xx_dcmi.c          0x00000000   Number         0  stm32f4xx_dcmi.o ABSOLUTE
    STM32F4 StdLib\stm32f4xx_dma.c           0x00000000   Number         0  stm32f4xx_dma.o ABSOLUTE
    STM32F4 StdLib\stm32f4xx_exti.c          0x00000000   Number         0  stm32f4xx_exti.o ABSOLUTE
    STM32F4 StdLib\stm32f4xx_flash.c         0x00000000   Number         0  stm32f4xx_flash.o ABSOLUTE
    STM32F4 StdLib\stm32f4xx_gpio.c          0x00000000   Number         0  stm32f4xx_gpio.o ABSOLUTE
    STM32F4 StdLib\stm32f4xx_i2c.c           0x00000000   Number         0  stm32f4xx_i2c.o ABSOLUTE
    STM32F4 StdLib\stm32f4xx_iwdg.c          0x00000000   Number         0  stm32f4xx_iwdg.o ABSOLUTE
    STM32F4 StdLib\stm32f4xx_pwr.c           0x00000000   Number         0  stm32f4xx_pwr.o ABSOLUTE
    STM32F4 StdLib\stm32f4xx_rcc.c           0x00000000   Number         0  stm32f4xx_rcc.o ABSOLUTE
    STM32F4 StdLib\stm32f4xx_rtc.c           0x00000000   Number         0  stm32f4xx_rtc.o ABSOLUTE
    STM32F4 StdLib\stm32f4xx_spi.c           0x00000000   Number         0  stm32f4xx_spi.o ABSOLUTE
    STM32F4 StdLib\stm32f4xx_syscfg.c        0x00000000   Number         0  stm32f4xx_syscfg.o ABSOLUTE
    STM32F4 StdLib\stm32f4xx_tim.c           0x00000000   Number         0  stm32f4xx_tim.o ABSOLUTE
    STM32F4 StdLib\stm32f4xx_usart.c         0x00000000   Number         0  stm32f4xx_usart.o ABSOLUTE
    STM32F4 StdLib\stm32f4xx_wwdg.c          0x00000000   Number         0  stm32f4xx_wwdg.o ABSOLUTE
    STM32F4 StdLib\system_stm32f4xx.c        0x00000000   Number         0  system_stm32f4xx.o ABSOLUTE
    USR\\main.c                              0x00000000   Number         0  main.o ABSOLUTE
    USR\\stm32f4xx_it.c                      0x00000000   Number         0  stm32f4xx_it.o ABSOLUTE
    USR\main.c                               0x00000000   Number         0  main.o ABSOLUTE
    USR\stm32f4xx_it.c                       0x00000000   Number         0  stm32f4xx_it.o ABSOLUTE
    cdcmple.s                                0x00000000   Number         0  cdcmple.o ABSOLUTE
    cdrcmple.s                               0x00000000   Number         0  cdrcmple.o ABSOLUTE
    dc.s                                     0x00000000   Number         0  dc.o ABSOLUTE
    handlers.s                               0x00000000   Number         0  handlers.o ABSOLUTE
    init.s                                   0x00000000   Number         0  init.o ABSOLUTE
    RESET                                    0x08000000   Section      392  startup_stm32f4xx.o(RESET)
    .ARM.Collect$$$$00000000                 0x08000188   Section        0  entry.o(.ARM.Collect$$$$00000000)
    .ARM.Collect$$$$00000001                 0x08000188   Section        4  entry2.o(.ARM.Collect$$$$00000001)
    .ARM.Collect$$$$00000004                 0x0800018c   Section        4  entry5.o(.ARM.Collect$$$$00000004)
    .ARM.Collect$$$$00000008                 0x08000190   Section        0  entry7b.o(.ARM.Collect$$$$00000008)
    .ARM.Collect$$$$0000000A                 0x08000190   Section        0  entry8b.o(.ARM.Collect$$$$0000000A)
    .ARM.Collect$$$$0000000B                 0x08000190   Section        8  entry9a.o(.ARM.Collect$$$$0000000B)
    .ARM.Collect$$$$0000000D                 0x08000198   Section        0  entry10a.o(.ARM.Collect$$$$0000000D)
    .ARM.Collect$$$$0000000F                 0x08000198   Section        0  entry11a.o(.ARM.Collect$$$$0000000F)
    .ARM.Collect$$$$00002712                 0x08000198   Section        4  entry2.o(.ARM.Collect$$$$00002712)
    __lit__00000000                          0x08000198   Data           4  entry2.o(.ARM.Collect$$$$00002712)
    .text                                    0x0800019c   Section        0  misc.o(.text)
    .text                                    0x0800027c   Section       36  startup_stm32f4xx.o(.text)
    $v0                                      0x0800027c   Number         0  startup_stm32f4xx.o(.text)
    .text                                    0x080002a0   Section        0  stm32f4xx_dma.o(.text)
    .text                                    0x08000648   Section        0  stm32f4xx_gpio.o(.text)
    .text                                    0x080008a4   Section        0  stm32f4xx_rcc.o(.text)
    .text                                    0x08000e2c   Section        0  stm32f4xx_tim.o(.text)
    TI4_Config                               0x080015cb   Thumb Code    80  stm32f4xx_tim.o(.text)
    TI3_Config                               0x0800162d   Thumb Code    72  stm32f4xx_tim.o(.text)
    TI2_Config                               0x0800168f   Thumb Code    90  stm32f4xx_tim.o(.text)
    TI1_Config                               0x080016fb   Thumb Code    58  stm32f4xx_tim.o(.text)
    .text                                    0x08001ad0   Section        0  stm32f4xx_usart.o(.text)
    .text                                    0x08001eec   Section        0  system_stm32f4xx.o(.text)
    SetSysClock                              0x08001eed   Thumb Code   220  system_stm32f4xx.o(.text)
    .text                                    0x080020fc   Section        0  android.o(.text)
    .text                                    0x080023f8   Section        0  schedule.o(.text)
    .text                                    0x08002508   Section        0  board.o(.text)
    .text                                    0x08002604   Section        0  dbus.o(.text)
    .text                                    0x08002928   Section        0  led.o(.text)
    .text                                    0x08002958   Section        0  mymath.o(.text)
    .text                                    0x08002e40   Section        0  pwm_out.o(.text)
    .text                                    0x08003704   Section        0  time.o(.text)
    .text                                    0x08003798   Section        0  uart5.o(.text)
    .text                                    0x08003a3c   Section        0  main.o(.text)
    .text                                    0x08003a5c   Section        0  stm32f4xx_it.o(.text)
    .text                                    0x08003ae0   Section        0  dadd.o(.text)
    .text                                    0x08003c2e   Section        0  dmul.o(.text)
    .text                                    0x08003d12   Section        0  ddiv.o(.text)
    .text                                    0x08003df0   Section        0  dflti.o(.text)
    .text                                    0x08003e12   Section        0  dfixi.o(.text)
    .text                                    0x08003e50   Section        0  f2d.o(.text)
    .text                                    0x08003e78   Section       48  cdcmple.o(.text)
    .text                                    0x08003ea8   Section       48  cdrcmple.o(.text)
    .text                                    0x08003ed8   Section        0  d2f.o(.text)
    .text                                    0x08003f10   Section        0  llshl.o(.text)
    .text                                    0x08003f2e   Section        0  llushr.o(.text)
    .text                                    0x08003f4e   Section        0  llsshr.o(.text)
    .text                                    0x08003f72   Section        0  fepilogue.o(.text)
    .text                                    0x08003f72   Section        0  iusefp.o(.text)
    .text                                    0x08003fe0   Section        0  depilogue.o(.text)
    .text                                    0x0800409c   Section       36  init.o(.text)
    .text                                    0x080040c0   Section        0  dfltui.o(.text)
    .text                                    0x080040da   Section        0  __dczerorl2.o(.text)
    i.__ARM_fpclassify                       0x08004130   Section        0  fpclassify.o(i.__ARM_fpclassify)
    i.__hardfp_cos                           0x08004160   Section        0  cos.o(i.__hardfp_cos)
    i.__ieee754_rem_pio2                     0x08004228   Section        0  rred.o(i.__ieee754_rem_pio2)
    i.__kernel_cos                           0x08004660   Section        0  cos_i.o(i.__kernel_cos)
    i.__kernel_poly                          0x080047d0   Section        0  poly.o(i.__kernel_poly)
    i.__kernel_sin                           0x080048c8   Section        0  sin_i.o(i.__kernel_sin)
    i.__mathlib_dbl_infnan                   0x080049f8   Section        0  dunder.o(i.__mathlib_dbl_infnan)
    i.__mathlib_dbl_invalid                  0x08004a10   Section        0  dunder.o(i.__mathlib_dbl_invalid)
    i.__mathlib_dbl_underflow                0x08004a30   Section        0  dunder.o(i.__mathlib_dbl_underflow)
    i.__scatterload_copy                     0x08004a50   Section       14  handlers.o(i.__scatterload_copy)
    i.__scatterload_null                     0x08004a5e   Section        2  handlers.o(i.__scatterload_null)
    i.__scatterload_zeroinit                 0x08004a60   Section       14  handlers.o(i.__scatterload_zeroinit)
    i.__set_errno                            0x08004a70   Section        0  errno.o(i.__set_errno)
    i.fabs                                   0x08004a7c   Section        0  fabs.o(i.fabs)
    .constdata                               0x08004a98   Section       48  cos_i.o(.constdata)
    C                                        0x08004a98   Data          48  cos_i.o(.constdata)
    .constdata                               0x08004ac8   Section      200  rred.o(.constdata)
    pio2s                                    0x08004ac8   Data          48  rred.o(.constdata)
    twooverpi                                0x08004af8   Data         152  rred.o(.constdata)
    .constdata                               0x08004b90   Section       40  sin_i.o(.constdata)
    S                                        0x08004b90   Data          40  sin_i.o(.constdata)
    .data                                    0x20000000   Section       16  stm32f4xx_rcc.o(.data)
    APBAHBPrescTable                         0x20000000   Data          16  stm32f4xx_rcc.o(.data)
    .data                                    0x20000010   Section       20  system_stm32f4xx.o(.data)
    .data                                    0x20000028   Section        9  schedule.o(.data)
    timer_50ms                               0x20000030   Data           1  schedule.o(.data)
    .data                                    0x20000034   Section        4  board.o(.data)
    .data                                    0x20000038   Section       64  imu.o(.data)
    .data                                    0x20000078   Section     1028  mymath.o(.data)
    .data                                    0x2000047c   Section       10  pwm_out.o(.data)
    .data                                    0x20000488   Section        4  uart5.o(.data)
    .data                                    0x2000048c   Section        4  errno.o(.data)
    _errno                                   0x2000048c   Data           4  errno.o(.data)
    .bss                                     0x20000490   Section      118  android.o(.bss)
    .bss                                     0x20000506   Section       12  schedule.o(.bss)
    .bss                                     0x20000514   Section      312  control.o(.bss)
    .bss                                     0x2000064c   Section       88  dbus.o(.bss)
    .bss                                     0x200006a4   Section      156  height_control.o(.bss)
    .bss                                     0x20000740   Section       12  imu.o(.bss)
    .bss                                     0x2000074c   Section       16  pwm_out.o(.bss)
    .bss                                     0x2000075c   Section      120  time.o(.bss)
    STACK                                    0x200007d8   Section     1024  startup_stm32f4xx.o(STACK)

    Global Symbols

    Symbol Name                              Value     Ov Type        Size  Object(Section)

    BuildAttributes$$THM_ISAv4$E$P$D$K$B$S$7EM$VFPi3$EXTD16$VFPS$VFMA$PE$A:L22UL41UL21$X:L11$S22US41US21$IEEE1$IW$USESV6$~STKCKD$USESV7$~SHL$OTIME$ROPI$IEEEX$EBA8$MICROLIB$REQ8$PRES8$EABIv2 0x00000000   Number         0  anon$$obj.o ABSOLUTE
    __ARM_use_no_argv                        0x00000000   Number         0  main.o ABSOLUTE
    __use_no_errno                           0x00000000   Number         0  useno.o ABSOLUTE
    __use_no_exception_handling              0x00000000   Number         0  useno.o ABSOLUTE
    __use_no_fp                              0x00000000   Number         0  useno.o ABSOLUTE
    __use_no_heap                            0x00000000   Number         0  useno.o ABSOLUTE
    __use_no_heap_region                     0x00000000   Number         0  useno.o ABSOLUTE
    __use_no_semihosting                     0x00000000   Number         0  useno.o ABSOLUTE
    __use_no_semihosting_swi                 0x00000000   Number         0  useno.o ABSOLUTE
    __use_no_signal_handling                 0x00000000   Number         0  useno.o ABSOLUTE
    __cpp_initialize__aeabi_                  - Undefined Weak Reference
    __cxa_finalize                            - Undefined Weak Reference
    _clock_init                               - Undefined Weak Reference
    _microlib_exit                            - Undefined Weak Reference
    __Vectors_Size                           0x00000188   Number         0  startup_stm32f4xx.o ABSOLUTE
    __Vectors                                0x08000000   Data           4  startup_stm32f4xx.o(RESET)
    __Vectors_End                            0x08000188   Data           0  startup_stm32f4xx.o(RESET)
    __main                                   0x08000189   Thumb Code     0  entry.o(.ARM.Collect$$$$00000000)
    _main_stk                                0x08000189   Thumb Code     0  entry2.o(.ARM.Collect$$$$00000001)
    _main_scatterload                        0x0800018d   Thumb Code     0  entry5.o(.ARM.Collect$$$$00000004)
    __main_after_scatterload                 0x08000191   Thumb Code     0  entry5.o(.ARM.Collect$$$$00000004)
    _main_clock                              0x08000191   Thumb Code     0  entry7b.o(.ARM.Collect$$$$00000008)
    _main_cpp_init                           0x08000191   Thumb Code     0  entry8b.o(.ARM.Collect$$$$0000000A)
    _main_init                               0x08000191   Thumb Code     0  entry9a.o(.ARM.Collect$$$$0000000B)
    __rt_final_cpp                           0x08000199   Thumb Code     0  entry10a.o(.ARM.Collect$$$$0000000D)
    __rt_final_exit                          0x08000199   Thumb Code     0  entry11a.o(.ARM.Collect$$$$0000000F)
    NVIC_PriorityGroupConfig                 0x0800019d   Thumb Code    10  misc.o(.text)
    NVIC_Init                                0x080001a7   Thumb Code   106  misc.o(.text)
    NVIC_SetVectorTable                      0x08000211   Thumb Code    14  misc.o(.text)
    NVIC_SystemLPConfig                      0x0800021f   Thumb Code    34  misc.o(.text)
    SysTick_CLKSourceConfig                  0x08000241   Thumb Code    40  misc.o(.text)
    Reset_Handler                            0x0800027d   Thumb Code     8  startup_stm32f4xx.o(.text)
    ADC_IRQHandler                           0x08000297   Thumb Code     0  startup_stm32f4xx.o(.text)
    CAN1_RX0_IRQHandler                      0x08000297   Thumb Code     0  startup_stm32f4xx.o(.text)
    CAN1_RX1_IRQHandler                      0x08000297   Thumb Code     0  startup_stm32f4xx.o(.text)
    CAN1_SCE_IRQHandler                      0x08000297   Thumb Code     0  startup_stm32f4xx.o(.text)
    CAN1_TX_IRQHandler                       0x08000297   Thumb Code     0  startup_stm32f4xx.o(.text)
    CAN2_RX0_IRQHandler                      0x08000297   Thumb Code     0  startup_stm32f4xx.o(.text)
    CAN2_RX1_IRQHandler                      0x08000297   Thumb Code     0  startup_stm32f4xx.o(.text)
    CAN2_SCE_IRQHandler                      0x08000297   Thumb Code     0  startup_stm32f4xx.o(.text)
    CAN2_TX_IRQHandler                       0x08000297   Thumb Code     0  startup_stm32f4xx.o(.text)
    CRYP_IRQHandler                          0x08000297   Thumb Code     0  startup_stm32f4xx.o(.text)
    DCMI_IRQHandler                          0x08000297   Thumb Code     0  startup_stm32f4xx.o(.text)
    DMA1_Stream0_IRQHandler                  0x08000297   Thumb Code     0  startup_stm32f4xx.o(.text)
    DMA1_Stream1_IRQHandler                  0x08000297   Thumb Code     0  startup_stm32f4xx.o(.text)
    DMA1_Stream2_IRQHandler                  0x08000297   Thumb Code     0  startup_stm32f4xx.o(.text)
    DMA1_Stream3_IRQHandler                  0x08000297   Thumb Code     0  startup_stm32f4xx.o(.text)
    DMA1_Stream4_IRQHandler                  0x08000297   Thumb Code     0  startup_stm32f4xx.o(.text)
    DMA1_Stream6_IRQHandler                  0x08000297   Thumb Code     0  startup_stm32f4xx.o(.text)
    DMA1_Stream7_IRQHandler                  0x08000297   Thumb Code     0  startup_stm32f4xx.o(.text)
    DMA2_Stream0_IRQHandler                  0x08000297   Thumb Code     0  startup_stm32f4xx.o(.text)
    DMA2_Stream1_IRQHandler                  0x08000297   Thumb Code     0  startup_stm32f4xx.o(.text)
    DMA2_Stream2_IRQHandler                  0x08000297   Thumb Code     0  startup_stm32f4xx.o(.text)
    DMA2_Stream3_IRQHandler                  0x08000297   Thumb Code     0  startup_stm32f4xx.o(.text)
    DMA2_Stream4_IRQHandler                  0x08000297   Thumb Code     0  startup_stm32f4xx.o(.text)
    DMA2_Stream5_IRQHandler                  0x08000297   Thumb Code     0  startup_stm32f4xx.o(.text)
    DMA2_Stream7_IRQHandler                  0x08000297   Thumb Code     0  startup_stm32f4xx.o(.text)
    ETH_IRQHandler                           0x08000297   Thumb Code     0  startup_stm32f4xx.o(.text)
    ETH_WKUP_IRQHandler                      0x08000297   Thumb Code     0  startup_stm32f4xx.o(.text)
    EXTI0_IRQHandler                         0x08000297   Thumb Code     0  startup_stm32f4xx.o(.text)
    EXTI15_10_IRQHandler                     0x08000297   Thumb Code     0  startup_stm32f4xx.o(.text)
    EXTI1_IRQHandler                         0x08000297   Thumb Code     0  startup_stm32f4xx.o(.text)
    EXTI2_IRQHandler                         0x08000297   Thumb Code     0  startup_stm32f4xx.o(.text)
    EXTI3_IRQHandler                         0x08000297   Thumb Code     0  startup_stm32f4xx.o(.text)
    EXTI4_IRQHandler                         0x08000297   Thumb Code     0  startup_stm32f4xx.o(.text)
    EXTI9_5_IRQHandler                       0x08000297   Thumb Code     0  startup_stm32f4xx.o(.text)
    FLASH_IRQHandler                         0x08000297   Thumb Code     0  startup_stm32f4xx.o(.text)
    FPU_IRQHandler                           0x08000297   Thumb Code     0  startup_stm32f4xx.o(.text)
    FSMC_IRQHandler                          0x08000297   Thumb Code     0  startup_stm32f4xx.o(.text)
    HASH_RNG_IRQHandler                      0x08000297   Thumb Code     0  startup_stm32f4xx.o(.text)
    I2C1_ER_IRQHandler                       0x08000297   Thumb Code     0  startup_stm32f4xx.o(.text)
    I2C1_EV_IRQHandler                       0x08000297   Thumb Code     0  startup_stm32f4xx.o(.text)
    I2C2_ER_IRQHandler                       0x08000297   Thumb Code     0  startup_stm32f4xx.o(.text)
    I2C2_EV_IRQHandler                       0x08000297   Thumb Code     0  startup_stm32f4xx.o(.text)
    I2C3_ER_IRQHandler                       0x08000297   Thumb Code     0  startup_stm32f4xx.o(.text)
    I2C3_EV_IRQHandler                       0x08000297   Thumb Code     0  startup_stm32f4xx.o(.text)
    OTG_FS_IRQHandler                        0x08000297   Thumb Code     0  startup_stm32f4xx.o(.text)
    OTG_FS_WKUP_IRQHandler                   0x08000297   Thumb Code     0  startup_stm32f4xx.o(.text)
    OTG_HS_EP1_IN_IRQHandler                 0x08000297   Thumb Code     0  startup_stm32f4xx.o(.text)
    OTG_HS_EP1_OUT_IRQHandler                0x08000297   Thumb Code     0  startup_stm32f4xx.o(.text)
    OTG_HS_IRQHandler                        0x08000297   Thumb Code     0  startup_stm32f4xx.o(.text)
    OTG_HS_WKUP_IRQHandler                   0x08000297   Thumb Code     0  startup_stm32f4xx.o(.text)
    PVD_IRQHandler                           0x08000297   Thumb Code     0  startup_stm32f4xx.o(.text)
    RCC_IRQHandler                           0x08000297   Thumb Code     0  startup_stm32f4xx.o(.text)
    RTC_Alarm_IRQHandler                     0x08000297   Thumb Code     0  startup_stm32f4xx.o(.text)
    RTC_WKUP_IRQHandler                      0x08000297   Thumb Code     0  startup_stm32f4xx.o(.text)
    SDIO_IRQHandler                          0x08000297   Thumb Code     0  startup_stm32f4xx.o(.text)
    SPI1_IRQHandler                          0x08000297   Thumb Code     0  startup_stm32f4xx.o(.text)
    SPI2_IRQHandler                          0x08000297   Thumb Code     0  startup_stm32f4xx.o(.text)
    SPI3_IRQHandler                          0x08000297   Thumb Code     0  startup_stm32f4xx.o(.text)
    TAMP_STAMP_IRQHandler                    0x08000297   Thumb Code     0  startup_stm32f4xx.o(.text)
    TIM1_BRK_TIM9_IRQHandler                 0x08000297   Thumb Code     0  startup_stm32f4xx.o(.text)
    TIM1_CC_IRQHandler                       0x08000297   Thumb Code     0  startup_stm32f4xx.o(.text)
    TIM1_TRG_COM_TIM11_IRQHandler            0x08000297   Thumb Code     0  startup_stm32f4xx.o(.text)
    TIM1_UP_TIM10_IRQHandler                 0x08000297   Thumb Code     0  startup_stm32f4xx.o(.text)
    TIM2_IRQHandler                          0x08000297   Thumb Code     0  startup_stm32f4xx.o(.text)
    TIM3_IRQHandler                          0x08000297   Thumb Code     0  startup_stm32f4xx.o(.text)
    TIM4_IRQHandler                          0x08000297   Thumb Code     0  startup_stm32f4xx.o(.text)
    TIM5_IRQHandler                          0x08000297   Thumb Code     0  startup_stm32f4xx.o(.text)
    TIM6_DAC_IRQHandler                      0x08000297   Thumb Code     0  startup_stm32f4xx.o(.text)
    TIM7_IRQHandler                          0x08000297   Thumb Code     0  startup_stm32f4xx.o(.text)
    TIM8_BRK_TIM12_IRQHandler                0x08000297   Thumb Code     0  startup_stm32f4xx.o(.text)
    TIM8_CC_IRQHandler                       0x08000297   Thumb Code     0  startup_stm32f4xx.o(.text)
    TIM8_TRG_COM_TIM14_IRQHandler            0x08000297   Thumb Code     0  startup_stm32f4xx.o(.text)
    TIM8_UP_TIM13_IRQHandler                 0x08000297   Thumb Code     0  startup_stm32f4xx.o(.text)
    UART4_IRQHandler                         0x08000297   Thumb Code     0  startup_stm32f4xx.o(.text)
    USART2_IRQHandler                        0x08000297   Thumb Code     0  startup_stm32f4xx.o(.text)
    USART3_IRQHandler                        0x08000297   Thumb Code     0  startup_stm32f4xx.o(.text)
    USART6_IRQHandler                        0x08000297   Thumb Code     0  startup_stm32f4xx.o(.text)
    WWDG_IRQHandler                          0x08000297   Thumb Code     0  startup_stm32f4xx.o(.text)
    DMA_DeInit                               0x080002a1   Thumb Code   324  stm32f4xx_dma.o(.text)
    DMA_Init                                 0x080003e5   Thumb Code    82  stm32f4xx_dma.o(.text)
    DMA_StructInit                           0x08000437   Thumb Code    34  stm32f4xx_dma.o(.text)
    DMA_Cmd                                  0x08000459   Thumb Code    22  stm32f4xx_dma.o(.text)
    DMA_PeriphIncOffsetSizeConfig            0x0800046f   Thumb Code    22  stm32f4xx_dma.o(.text)
    DMA_FlowControllerConfig                 0x08000485   Thumb Code    22  stm32f4xx_dma.o(.text)
    DMA_SetCurrDataCounter                   0x0800049b   Thumb Code     4  stm32f4xx_dma.o(.text)
    DMA_GetCurrDataCounter                   0x0800049f   Thumb Code     8  stm32f4xx_dma.o(.text)
    DMA_DoubleBufferModeConfig               0x080004a7   Thumb Code    24  stm32f4xx_dma.o(.text)
    DMA_DoubleBufferModeCmd                  0x080004bf   Thumb Code    22  stm32f4xx_dma.o(.text)
    DMA_MemoryTargetConfig                   0x080004d5   Thumb Code    10  stm32f4xx_dma.o(.text)
    DMA_GetCurrentMemoryTarget               0x080004df   Thumb Code    20  stm32f4xx_dma.o(.text)
    DMA_GetCmdStatus                         0x080004f3   Thumb Code    20  stm32f4xx_dma.o(.text)
    DMA_GetFIFOStatus                        0x08000507   Thumb Code    12  stm32f4xx_dma.o(.text)
    DMA_GetFlagStatus                        0x08000513   Thumb Code    56  stm32f4xx_dma.o(.text)
    DMA_ClearFlag                            0x0800054b   Thumb Code    40  stm32f4xx_dma.o(.text)
    DMA_ITConfig                             0x08000573   Thumb Code    58  stm32f4xx_dma.o(.text)
    DMA_GetITStatus                          0x080005ad   Thumb Code    84  stm32f4xx_dma.o(.text)
    DMA_ClearITPendingBit                    0x08000601   Thumb Code    40  stm32f4xx_dma.o(.text)
    GPIO_DeInit                              0x08000649   Thumb Code   220  stm32f4xx_gpio.o(.text)
    GPIO_Init                                0x08000725   Thumb Code   144  stm32f4xx_gpio.o(.text)
    GPIO_StructInit                          0x080007b5   Thumb Code    18  stm32f4xx_gpio.o(.text)
    GPIO_PinLockConfig                       0x080007c7   Thumb Code    34  stm32f4xx_gpio.o(.text)
    GPIO_ReadInputDataBit                    0x080007e9   Thumb Code    18  stm32f4xx_gpio.o(.text)
    GPIO_ReadInputData                       0x080007fb   Thumb Code     8  stm32f4xx_gpio.o(.text)
    GPIO_ReadOutputDataBit                   0x08000803   Thumb Code    18  stm32f4xx_gpio.o(.text)
    GPIO_ReadOutputData                      0x08000815   Thumb Code     8  stm32f4xx_gpio.o(.text)
    GPIO_SetBits                             0x0800081d   Thumb Code     4  stm32f4xx_gpio.o(.text)
    GPIO_ResetBits                           0x08000821   Thumb Code     4  stm32f4xx_gpio.o(.text)
    GPIO_WriteBit                            0x08000825   Thumb Code    10  stm32f4xx_gpio.o(.text)
    GPIO_Write                               0x0800082f   Thumb Code     4  stm32f4xx_gpio.o(.text)
    GPIO_ToggleBits                          0x08000833   Thumb Code     8  stm32f4xx_gpio.o(.text)
    GPIO_PinAFConfig                         0x0800083b   Thumb Code    70  stm32f4xx_gpio.o(.text)
    RCC_DeInit                               0x080008a5   Thumb Code    60  stm32f4xx_rcc.o(.text)
    RCC_HSEConfig                            0x080008e1   Thumb Code    14  stm32f4xx_rcc.o(.text)
    RCC_GetFlagStatus                        0x080008ef   Thumb Code    60  stm32f4xx_rcc.o(.text)
    RCC_WaitForHSEStartUp                    0x0800092b   Thumb Code    56  stm32f4xx_rcc.o(.text)
    RCC_AdjustHSICalibrationValue            0x08000963   Thumb Code    20  stm32f4xx_rcc.o(.text)
    RCC_HSICmd                               0x08000977   Thumb Code     6  stm32f4xx_rcc.o(.text)
    RCC_LSEConfig                            0x0800097d   Thumb Code    46  stm32f4xx_rcc.o(.text)
    RCC_LSICmd                               0x080009ab   Thumb Code     6  stm32f4xx_rcc.o(.text)
    RCC_PLLConfig                            0x080009b1   Thumb Code    32  stm32f4xx_rcc.o(.text)
    RCC_PLLCmd                               0x080009d1   Thumb Code     6  stm32f4xx_rcc.o(.text)
    RCC_PLLI2SConfig                         0x080009d7   Thumb Code    14  stm32f4xx_rcc.o(.text)
    RCC_PLLI2SCmd                            0x080009e5   Thumb Code     6  stm32f4xx_rcc.o(.text)
    RCC_ClockSecuritySystemCmd               0x080009eb   Thumb Code     6  stm32f4xx_rcc.o(.text)
    RCC_MCO1Config                           0x080009f1   Thumb Code    28  stm32f4xx_rcc.o(.text)
    RCC_MCO2Config                           0x08000a0d   Thumb Code    28  stm32f4xx_rcc.o(.text)
    RCC_SYSCLKConfig                         0x08000a29   Thumb Code    20  stm32f4xx_rcc.o(.text)
    RCC_GetSYSCLKSource                      0x08000a3d   Thumb Code    12  stm32f4xx_rcc.o(.text)
    RCC_HCLKConfig                           0x08000a49   Thumb Code    20  stm32f4xx_rcc.o(.text)
    RCC_PCLK1Config                          0x08000a5d   Thumb Code    20  stm32f4xx_rcc.o(.text)
    RCC_PCLK2Config                          0x08000a71   Thumb Code    22  stm32f4xx_rcc.o(.text)
    RCC_GetClocksFreq                        0x08000a87   Thumb Code   222  stm32f4xx_rcc.o(.text)
    RCC_RTCCLKConfig                         0x08000b65   Thumb Code    54  stm32f4xx_rcc.o(.text)
    RCC_RTCCLKCmd                            0x08000b9b   Thumb Code     8  stm32f4xx_rcc.o(.text)
    RCC_BackupResetCmd                       0x08000ba3   Thumb Code     8  stm32f4xx_rcc.o(.text)
    RCC_I2SCLKConfig                         0x08000bab   Thumb Code     6  stm32f4xx_rcc.o(.text)
    RCC_AHB1PeriphClockCmd                   0x08000bb1   Thumb Code    34  stm32f4xx_rcc.o(.text)
    RCC_AHB2PeriphClockCmd                   0x08000bd3   Thumb Code    34  stm32f4xx_rcc.o(.text)
    RCC_AHB3PeriphClockCmd                   0x08000bf5   Thumb Code    34  stm32f4xx_rcc.o(.text)
    RCC_APB1PeriphClockCmd                   0x08000c17   Thumb Code    34  stm32f4xx_rcc.o(.text)
    RCC_APB2PeriphClockCmd                   0x08000c39   Thumb Code    34  stm32f4xx_rcc.o(.text)
    RCC_AHB1PeriphResetCmd                   0x08000c5b   Thumb Code    34  stm32f4xx_rcc.o(.text)
    RCC_AHB2PeriphResetCmd                   0x08000c7d   Thumb Code    72  stm32f4xx_rcc.o(.text)
    RCC_AHB3PeriphResetCmd                   0x08000cc5   Thumb Code    34  stm32f4xx_rcc.o(.text)
    RCC_APB1PeriphResetCmd                   0x08000ce7   Thumb Code    34  stm32f4xx_rcc.o(.text)
    RCC_APB2PeriphResetCmd                   0x08000d09   Thumb Code    34  stm32f4xx_rcc.o(.text)
    RCC_AHB1PeriphClockLPModeCmd             0x08000d2b   Thumb Code    34  stm32f4xx_rcc.o(.text)
    RCC_AHB2PeriphClockLPModeCmd             0x08000d4d   Thumb Code    34  stm32f4xx_rcc.o(.text)
    RCC_AHB3PeriphClockLPModeCmd             0x08000d6f   Thumb Code    34  stm32f4xx_rcc.o(.text)
    RCC_APB1PeriphClockLPModeCmd             0x08000d91   Thumb Code    34  stm32f4xx_rcc.o(.text)
    RCC_APB2PeriphClockLPModeCmd             0x08000db3   Thumb Code    34  stm32f4xx_rcc.o(.text)
    RCC_ITConfig                             0x08000dd5   Thumb Code    34  stm32f4xx_rcc.o(.text)
    RCC_ClearFlag                            0x08000df7   Thumb Code    18  stm32f4xx_rcc.o(.text)
    RCC_GetITStatus                          0x08000e09   Thumb Code    22  stm32f4xx_rcc.o(.text)
    RCC_ClearITPendingBit                    0x08000e1f   Thumb Code     8  stm32f4xx_rcc.o(.text)
    TIM_DeInit                               0x08000e2d   Thumb Code   346  stm32f4xx_tim.o(.text)
    TIM_TimeBaseInit                         0x08000f87   Thumb Code   104  stm32f4xx_tim.o(.text)
    TIM_TimeBaseStructInit                   0x08000fef   Thumb Code    18  stm32f4xx_tim.o(.text)
    TIM_PrescalerConfig                      0x08001001   Thumb Code     6  stm32f4xx_tim.o(.text)
    TIM_CounterModeConfig                    0x08001007   Thumb Code    18  stm32f4xx_tim.o(.text)
    TIM_SetCounter                           0x08001019   Thumb Code     4  stm32f4xx_tim.o(.text)
    TIM_SetAutoreload                        0x0800101d   Thumb Code     4  stm32f4xx_tim.o(.text)
    TIM_GetCounter                           0x08001021   Thumb Code     6  stm32f4xx_tim.o(.text)
    TIM_GetPrescaler                         0x08001027   Thumb Code     6  stm32f4xx_tim.o(.text)
    TIM_UpdateDisableConfig                  0x0800102d   Thumb Code    24  stm32f4xx_tim.o(.text)
    TIM_UpdateRequestConfig                  0x08001045   Thumb Code    24  stm32f4xx_tim.o(.text)
    TIM_ARRPreloadConfig                     0x0800105d   Thumb Code    24  stm32f4xx_tim.o(.text)
    TIM_SelectOnePulseMode                   0x08001075   Thumb Code    18  stm32f4xx_tim.o(.text)
    TIM_SetClockDivision                     0x08001087   Thumb Code    18  stm32f4xx_tim.o(.text)
    TIM_Cmd                                  0x08001099   Thumb Code    24  stm32f4xx_tim.o(.text)
    TIM_OC1Init                              0x080010b1   Thumb Code   114  stm32f4xx_tim.o(.text)
    TIM_OC2Init                              0x08001123   Thumb Code   154  stm32f4xx_tim.o(.text)
    TIM_OC3Init                              0x080011bd   Thumb Code   204  stm32f4xx_tim.o(.text)
    TIM_OC4Init                              0x08001289   Thumb Code   112  stm32f4xx_tim.o(.text)
    TIM_OCStructInit                         0x080012f9   Thumb Code    20  stm32f4xx_tim.o(.text)
    TIM_SelectOCxM                           0x0800130d   Thumb Code    86  stm32f4xx_tim.o(.text)
    TIM_SetCompare1                          0x08001363   Thumb Code     4  stm32f4xx_tim.o(.text)
    TIM_SetCompare2                          0x08001367   Thumb Code     4  stm32f4xx_tim.o(.text)
    TIM_SetCompare3                          0x0800136b   Thumb Code     4  stm32f4xx_tim.o(.text)
    TIM_SetCompare4                          0x0800136f   Thumb Code     4  stm32f4xx_tim.o(.text)
    TIM_ForcedOC1Config                      0x08001373   Thumb Code    18  stm32f4xx_tim.o(.text)
    TIM_ForcedOC2Config                      0x08001385   Thumb Code    26  stm32f4xx_tim.o(.text)
    TIM_ForcedOC3Config                      0x0800139f   Thumb Code    18  stm32f4xx_tim.o(.text)
    TIM_ForcedOC4Config                      0x080013b1   Thumb Code    26  stm32f4xx_tim.o(.text)
    TIM_OC1PreloadConfig                     0x080013cb   Thumb Code    18  stm32f4xx_tim.o(.text)
    TIM_OC2PreloadConfig                     0x080013dd   Thumb Code    26  stm32f4xx_tim.o(.text)
    TIM_OC3PreloadConfig                     0x080013f7   Thumb Code    18  stm32f4xx_tim.o(.text)
    TIM_OC4PreloadConfig                     0x08001409   Thumb Code    26  stm32f4xx_tim.o(.text)
    TIM_OC1FastConfig                        0x08001423   Thumb Code    18  stm32f4xx_tim.o(.text)
    TIM_OC2FastConfig                        0x08001435   Thumb Code    26  stm32f4xx_tim.o(.text)
    TIM_OC3FastConfig                        0x0800144f   Thumb Code    18  stm32f4xx_tim.o(.text)
    TIM_OC4FastConfig                        0x08001461   Thumb Code    26  stm32f4xx_tim.o(.text)
    TIM_ClearOC1Ref                          0x0800147b   Thumb Code    18  stm32f4xx_tim.o(.text)
    TIM_ClearOC2Ref                          0x0800148d   Thumb Code    24  stm32f4xx_tim.o(.text)
    TIM_ClearOC3Ref                          0x080014a5   Thumb Code    18  stm32f4xx_tim.o(.text)
    TIM_ClearOC4Ref                          0x080014b7   Thumb Code    24  stm32f4xx_tim.o(.text)
    TIM_OC1PolarityConfig                    0x080014cf   Thumb Code    18  stm32f4xx_tim.o(.text)
    TIM_OC1NPolarityConfig                   0x080014e1   Thumb Code    18  stm32f4xx_tim.o(.text)
    TIM_OC2PolarityConfig                    0x080014f3   Thumb Code    26  stm32f4xx_tim.o(.text)
    TIM_OC2NPolarityConfig                   0x0800150d   Thumb Code    26  stm32f4xx_tim.o(.text)
    TIM_OC3PolarityConfig                    0x08001527   Thumb Code    26  stm32f4xx_tim.o(.text)
    TIM_OC3NPolarityConfig                   0x08001541   Thumb Code    26  stm32f4xx_tim.o(.text)
    TIM_OC4PolarityConfig                    0x0800155b   Thumb Code    26  stm32f4xx_tim.o(.text)
    TIM_CCxCmd                               0x08001575   Thumb Code    30  stm32f4xx_tim.o(.text)
    TIM_CCxNCmd                              0x08001593   Thumb Code    30  stm32f4xx_tim.o(.text)
    TIM_SetIC4Prescaler                      0x080015b1   Thumb Code    26  stm32f4xx_tim.o(.text)
    TIM_SetIC3Prescaler                      0x0800161b   Thumb Code    18  stm32f4xx_tim.o(.text)
    TIM_SetIC2Prescaler                      0x08001675   Thumb Code    26  stm32f4xx_tim.o(.text)
    TIM_SetIC1Prescaler                      0x080016e9   Thumb Code    18  stm32f4xx_tim.o(.text)
    TIM_ICInit                               0x08001735   Thumb Code   110  stm32f4xx_tim.o(.text)
    TIM_ICStructInit                         0x080017a3   Thumb Code    18  stm32f4xx_tim.o(.text)
    TIM_PWMIConfig                           0x080017b5   Thumb Code   124  stm32f4xx_tim.o(.text)
    TIM_GetCapture1                          0x08001831   Thumb Code     6  stm32f4xx_tim.o(.text)
    TIM_GetCapture2                          0x08001837   Thumb Code     6  stm32f4xx_tim.o(.text)
    TIM_GetCapture3                          0x0800183d   Thumb Code     6  stm32f4xx_tim.o(.text)
    TIM_GetCapture4                          0x08001843   Thumb Code     6  stm32f4xx_tim.o(.text)
    TIM_BDTRConfig                           0x08001849   Thumb Code    32  stm32f4xx_tim.o(.text)
    TIM_BDTRStructInit                       0x08001869   Thumb Code    18  stm32f4xx_tim.o(.text)
    TIM_CtrlPWMOutputs                       0x0800187b   Thumb Code    30  stm32f4xx_tim.o(.text)
    TIM_SelectCOM                            0x08001899   Thumb Code    24  stm32f4xx_tim.o(.text)
    TIM_CCPreloadControl                     0x080018b1   Thumb Code    24  stm32f4xx_tim.o(.text)
    TIM_ITConfig                             0x080018c9   Thumb Code    18  stm32f4xx_tim.o(.text)
    TIM_GenerateEvent                        0x080018db   Thumb Code     4  stm32f4xx_tim.o(.text)
    TIM_GetFlagStatus                        0x080018df   Thumb Code    18  stm32f4xx_tim.o(.text)
    TIM_ClearFlag                            0x080018f1   Thumb Code     6  stm32f4xx_tim.o(.text)
    TIM_GetITStatus                          0x080018f7   Thumb Code    34  stm32f4xx_tim.o(.text)
    TIM_ClearITPendingBit                    0x08001919   Thumb Code     6  stm32f4xx_tim.o(.text)
    TIM_DMAConfig                            0x0800191f   Thumb Code    10  stm32f4xx_tim.o(.text)
    TIM_DMACmd                               0x08001929   Thumb Code    18  stm32f4xx_tim.o(.text)
    TIM_SelectCCDMA                          0x0800193b   Thumb Code    24  stm32f4xx_tim.o(.text)
    TIM_InternalClockConfig                  0x08001953   Thumb Code    12  stm32f4xx_tim.o(.text)
    TIM_SelectInputTrigger                   0x0800195f   Thumb Code    18  stm32f4xx_tim.o(.text)
    TIM_ITRxExternalClockConfig              0x08001971   Thumb Code    24  stm32f4xx_tim.o(.text)
    TIM_TIxExternalClockConfig               0x08001989   Thumb Code    62  stm32f4xx_tim.o(.text)
    TIM_ETRConfig                            0x080019c7   Thumb Code    28  stm32f4xx_tim.o(.text)
    TIM_ETRClockMode1Config                  0x080019e3   Thumb Code    54  stm32f4xx_tim.o(.text)
    TIM_ETRClockMode2Config                  0x08001a19   Thumb Code    32  stm32f4xx_tim.o(.text)
    TIM_SelectOutputTrigger                  0x08001a39   Thumb Code    18  stm32f4xx_tim.o(.text)
    TIM_SelectSlaveMode                      0x08001a4b   Thumb Code    18  stm32f4xx_tim.o(.text)
    TIM_SelectMasterSlaveMode                0x08001a5d   Thumb Code    18  stm32f4xx_tim.o(.text)
    TIM_EncoderInterfaceConfig               0x08001a6f   Thumb Code    66  stm32f4xx_tim.o(.text)
    TIM_SelectHallSensor                     0x08001ab1   Thumb Code    24  stm32f4xx_tim.o(.text)
    TIM_RemapConfig                          0x08001ac9   Thumb Code     6  stm32f4xx_tim.o(.text)
    USART_DeInit                             0x08001ad1   Thumb Code   156  stm32f4xx_usart.o(.text)
    USART_Init                               0x08001b6d   Thumb Code   204  stm32f4xx_usart.o(.text)
    USART_StructInit                         0x08001c39   Thumb Code    24  stm32f4xx_usart.o(.text)
    USART_ClockInit                          0x08001c51   Thumb Code    32  stm32f4xx_usart.o(.text)
    USART_ClockStructInit                    0x08001c71   Thumb Code    12  stm32f4xx_usart.o(.text)
    USART_Cmd                                0x08001c7d   Thumb Code    24  stm32f4xx_usart.o(.text)
    USART_SetPrescaler                       0x08001c95   Thumb Code    16  stm32f4xx_usart.o(.text)
    USART_OverSampling8Cmd                   0x08001ca5   Thumb Code    22  stm32f4xx_usart.o(.text)
    USART_OneBitMethodCmd                    0x08001cbb   Thumb Code    24  stm32f4xx_usart.o(.text)
    USART_SendData                           0x08001cd3   Thumb Code     8  stm32f4xx_usart.o(.text)
    USART_ReceiveData                        0x08001cdb   Thumb Code    10  stm32f4xx_usart.o(.text)
    USART_SetAddress                         0x08001ce5   Thumb Code    18  stm32f4xx_usart.o(.text)
    USART_ReceiverWakeUpCmd                  0x08001cf7   Thumb Code    24  stm32f4xx_usart.o(.text)
    USART_WakeUpConfig                       0x08001d0f   Thumb Code    18  stm32f4xx_usart.o(.text)
    USART_LINBreakDetectLengthConfig         0x08001d21   Thumb Code    18  stm32f4xx_usart.o(.text)
    USART_LINCmd                             0x08001d33   Thumb Code    24  stm32f4xx_usart.o(.text)
    USART_SendBreak                          0x08001d4b   Thumb Code    10  stm32f4xx_usart.o(.text)
    USART_HalfDuplexCmd                      0x08001d55   Thumb Code    24  stm32f4xx_usart.o(.text)
    USART_SetGuardTime                       0x08001d6d   Thumb Code    16  stm32f4xx_usart.o(.text)
    USART_SmartCardCmd                       0x08001d7d   Thumb Code    24  stm32f4xx_usart.o(.text)
    USART_SmartCardNACKCmd                   0x08001d95   Thumb Code    24  stm32f4xx_usart.o(.text)
    USART_IrDAConfig                         0x08001dad   Thumb Code    18  stm32f4xx_usart.o(.text)
    USART_IrDACmd                            0x08001dbf   Thumb Code    24  stm32f4xx_usart.o(.text)
    USART_DMACmd                             0x08001dd7   Thumb Code    18  stm32f4xx_usart.o(.text)
    USART_ITConfig                           0x08001de9   Thumb Code    74  stm32f4xx_usart.o(.text)
    USART_GetFlagStatus                      0x08001e33   Thumb Code    26  stm32f4xx_usart.o(.text)
    USART_ClearFlag                          0x08001e4d   Thumb Code    18  stm32f4xx_usart.o(.text)
    USART_GetITStatus                        0x08001e5f   Thumb Code   110  stm32f4xx_usart.o(.text)
    USART_ClearITPendingBit                  0x08001ecd   Thumb Code    30  stm32f4xx_usart.o(.text)
    SystemInit                               0x08001fc9   Thumb Code    88  system_stm32f4xx.o(.text)
    SystemCoreClockUpdate                    0x08002021   Thumb Code   174  system_stm32f4xx.o(.text)
    Android_Serialport_Config                0x080020fd   Thumb Code   464  android.o(.text)
    DMA2_Stream6_IRQHandler                  0x080022cd   Thumb Code    38  android.o(.text)
    USART1_IRQHandler                        0x080022f3   Thumb Code    90  android.o(.text)
    SendToAndroid                            0x0800234d   Thumb Code   122  android.o(.text)
    Loop_1000Hz                              0x080023f9   Thumb Code     2  schedule.o(.text)
    Rad2Deg                                  0x080023fb   Thumb Code     2  schedule.o(.text)
    Loop_500Hz                               0x080023fd   Thumb Code    22  schedule.o(.text)
    Loop_200Hz                               0x08002413   Thumb Code     8  schedule.o(.text)
    Loop_100Hz                               0x0800241b   Thumb Code    34  schedule.o(.text)
    Loop_50Hz                                0x0800243d   Thumb Code     2  schedule.o(.text)
    Loop_20Hz                                0x0800243f   Thumb Code    42  schedule.o(.text)
    Loop_5Hz                                 0x08002469   Thumb Code     2  schedule.o(.text)
    Loop                                     0x0800246b   Thumb Code   142  schedule.o(.text)
    SysTick_Configuration                    0x08002509   Thumb Code    98  board.o(.text)
    GetSysTime_us                            0x0800256b   Thumb Code    48  board.o(.text)
    DelayUs                                  0x0800259b   Thumb Code    24  board.o(.text)
    DelayMs                                  0x080025b3   Thumb Code    24  board.o(.text)
    FlightController_board_Init              0x080025cb   Thumb Code    42  board.o(.text)
    RC_Check                                 0x08002605   Thumb Code   126  dbus.o(.text)
    Dbus_Configuration                       0x08002683   Thumb Code   256  dbus.o(.text)
    dbus_get_value                           0x08002783   Thumb Code   338  dbus.o(.text)
    DMA1_Stream5_IRQHandler                  0x080028d5   Thumb Code    34  dbus.o(.text)
    Led_Init                                 0x08002929   Thumb Code    44  led.o(.text)
    fast_atan2                               0x08002959   Thumb Code   368  mymath.o(.text)
    my_atan                                  0x08002ac9   Thumb Code    24  mymath.o(.text)
    my_pow                                   0x08002ae1   Thumb Code    10  mymath.o(.text)
    my_sqrt                                  0x08002aeb   Thumb Code    88  mymath.o(.text)
    mx_sin                                   0x08002b43   Thumb Code   292  mymath.o(.text)
    my_sin                                   0x08002c67   Thumb Code   108  mymath.o(.text)
    my_cos                                   0x08002cd3   Thumb Code   234  mymath.o(.text)
    my_deathzoom                             0x08002dbd   Thumb Code    62  mymath.o(.text)
    To_180_degrees                           0x08002dfb   Thumb Code    58  mymath.o(.text)
    TIM3_PWM_Init                            0x08002e41   Thumb Code   280  pwm_out.o(.text)
    AndroidRPM                               0x08002f59   Thumb Code   114  pwm_out.o(.text)
    TestRPM                                  0x08002fcb   Thumb Code   124  pwm_out.o(.text)
    Motor_Speed_Update                       0x08003047   Thumb Code  1722  pwm_out.o(.text)
    Get_Cycle_T                              0x08003705   Thumb Code   118  time.o(.text)
    Cycle_Time_Init                          0x0800377b   Thumb Code    22  time.o(.text)
    Uart5_SendChar                           0x08003799   Thumb Code    28  uart5.o(.text)
    Uart5_Config                             0x080037b5   Thumb Code   582  uart5.o(.text)
    UART5_IRQHandler                         0x080039fb   Thumb Code    40  uart5.o(.text)
    main                                     0x08003a3d   Thumb Code    26  main.o(.text)
    NMI_Handler                              0x08003a5d   Thumb Code     2  stm32f4xx_it.o(.text)
    HardFault_Handler                        0x08003a5f   Thumb Code     4  stm32f4xx_it.o(.text)
    MemManage_Handler                        0x08003a63   Thumb Code     4  stm32f4xx_it.o(.text)
    BusFault_Handler                         0x08003a67   Thumb Code     4  stm32f4xx_it.o(.text)
    UsageFault_Handler                       0x08003a6b   Thumb Code     4  stm32f4xx_it.o(.text)
    SVC_Handler                              0x08003a6f   Thumb Code     2  stm32f4xx_it.o(.text)
    DebugMon_Handler                         0x08003a71   Thumb Code     2  stm32f4xx_it.o(.text)
    PendSV_Handler                           0x08003a73   Thumb Code     2  stm32f4xx_it.o(.text)
    SysTick_Handler                          0x08003a75   Thumb Code    92  stm32f4xx_it.o(.text)
    __aeabi_dadd                             0x08003ae1   Thumb Code   322  dadd.o(.text)
    __aeabi_dsub                             0x08003c23   Thumb Code     6  dadd.o(.text)
    __aeabi_drsub                            0x08003c29   Thumb Code     6  dadd.o(.text)
    __aeabi_dmul                             0x08003c2f   Thumb Code   228  dmul.o(.text)
    __aeabi_ddiv                             0x08003d13   Thumb Code   222  ddiv.o(.text)
    __aeabi_i2d                              0x08003df1   Thumb Code    34  dflti.o(.text)
    __aeabi_d2iz                             0x08003e13   Thumb Code    62  dfixi.o(.text)
    __aeabi_f2d                              0x08003e51   Thumb Code    38  f2d.o(.text)
    __aeabi_cdcmpeq                          0x08003e79   Thumb Code     0  cdcmple.o(.text)
    __aeabi_cdcmple                          0x08003e79   Thumb Code    48  cdcmple.o(.text)
    __aeabi_cdrcmple                         0x08003ea9   Thumb Code    48  cdrcmple.o(.text)
    __aeabi_d2f                              0x08003ed9   Thumb Code    56  d2f.o(.text)
    __aeabi_llsl                             0x08003f11   Thumb Code    30  llshl.o(.text)
    _ll_shift_l                              0x08003f11   Thumb Code     0  llshl.o(.text)
    __aeabi_llsr                             0x08003f2f   Thumb Code    32  llushr.o(.text)
    _ll_ushift_r                             0x08003f2f   Thumb Code     0  llushr.o(.text)
    __aeabi_lasr                             0x08003f4f   Thumb Code    36  llsshr.o(.text)
    _ll_sshift_r                             0x08003f4f   Thumb Code     0  llsshr.o(.text)
    __I$use$fp                               0x08003f73   Thumb Code     0  iusefp.o(.text)
    _float_round                             0x08003f73   Thumb Code    18  fepilogue.o(.text)
    _float_epilogue                          0x08003f85   Thumb Code    92  fepilogue.o(.text)
    _double_round                            0x08003fe1   Thumb Code    30  depilogue.o(.text)
    _double_epilogue                         0x08003fff   Thumb Code   156  depilogue.o(.text)
    __scatterload                            0x0800409d   Thumb Code    28  init.o(.text)
    __scatterload_rt2                        0x0800409d   Thumb Code     0  init.o(.text)
    __aeabi_ui2d                             0x080040c1   Thumb Code    26  dfltui.o(.text)
    __decompress                             0x080040db   Thumb Code     0  __dczerorl2.o(.text)
    __decompress1                            0x080040db   Thumb Code    86  __dczerorl2.o(.text)
    __ARM_fpclassify                         0x08004131   Thumb Code    48  fpclassify.o(i.__ARM_fpclassify)
    __hardfp_cos                             0x08004161   Thumb Code   180  cos.o(i.__hardfp_cos)
    __ieee754_rem_pio2                       0x08004229   Thumb Code   938  rred.o(i.__ieee754_rem_pio2)
    __kernel_cos                             0x08004661   Thumb Code   322  cos_i.o(i.__kernel_cos)
    __kernel_poly                            0x080047d1   Thumb Code   248  poly.o(i.__kernel_poly)
    __kernel_sin                             0x080048c9   Thumb Code   280  sin_i.o(i.__kernel_sin)
    __mathlib_dbl_infnan                     0x080049f9   Thumb Code    20  dunder.o(i.__mathlib_dbl_infnan)
    __mathlib_dbl_invalid                    0x08004a11   Thumb Code    24  dunder.o(i.__mathlib_dbl_invalid)
    __mathlib_dbl_underflow                  0x08004a31   Thumb Code    24  dunder.o(i.__mathlib_dbl_underflow)
    __scatterload_copy                       0x08004a51   Thumb Code    14  handlers.o(i.__scatterload_copy)
    __scatterload_null                       0x08004a5f   Thumb Code     2  handlers.o(i.__scatterload_null)
    __scatterload_zeroinit                   0x08004a61   Thumb Code    14  handlers.o(i.__scatterload_zeroinit)
    __set_errno                              0x08004a71   Thumb Code     6  errno.o(i.__set_errno)
    fabs                                     0x08004a7d   Thumb Code    24  fabs.o(i.fabs)
    Region$$Table$$Base                      0x08004bb8   Number         0  anon$$obj.o(Region$$Table)
    Region$$Table$$Limit                     0x08004bd8   Number         0  anon$$obj.o(Region$$Table)
    SystemCoreClock                          0x20000010   Data           4  system_stm32f4xx.o(.data)
    AHBPrescTable                            0x20000014   Data          16  system_stm32f4xx.o(.data)
    loop_5hz                                 0x20000028   Data           8  schedule.o(.data)
    sysTickUptime                            0x20000034   Data           4  board.o(.data)
    q0                                       0x20000038   Data           4  imu.o(.data)
    q1                                       0x2000003c   Data           4  imu.o(.data)
    q2                                       0x20000040   Data           4  imu.o(.data)
    q3                                       0x20000044   Data           4  imu.o(.data)
    exInt                                    0x20000048   Data           4  imu.o(.data)
    eyInt                                    0x2000004c   Data           4  imu.o(.data)
    ezInt                                    0x20000050   Data           4  imu.o(.data)
    ux                                       0x20000054   Data           4  imu.o(.data)
    uy                                       0x20000058   Data           4  imu.o(.data)
    uz                                       0x2000005c   Data           4  imu.o(.data)
    wx                                       0x20000060   Data           4  imu.o(.data)
    wy                                       0x20000064   Data           4  imu.o(.data)
    wz                                       0x20000068   Data           4  imu.o(.data)
    vx                                       0x2000006c   Data           4  imu.o(.data)
    vy                                       0x20000070   Data           4  imu.o(.data)
    vz                                       0x20000074   Data           4  imu.o(.data)
    fast_atan_table                          0x20000078   Data        1028  mymath.o(.data)
    aircraft                                 0x2000047c   Data           4  pwm_out.o(.data)
    cnt                                      0x20000480   Data           4  pwm_out.o(.data)
    tmp                                      0x20000484   Data           2  pwm_out.o(.data)
    gps_loop_time                            0x20000488   Data           4  uart5.o(.data)
    RC                                       0x20000490   Data          52  android.o(.bss)
    phone                                    0x200004c4   Data          48  android.o(.bss)
    tx_buffer                                0x200004f4   Data           9  android.o(.bss)
    rx_buffer                                0x200004fd   Data           9  android.o(.bss)
    schedule                                 0x20000506   Data          12  schedule.o(.bss)
    ctrl                                     0x20000514   Data         296  control.o(.bss)
    thr                                      0x2000063c   Data          16  control.o(.bss)
    subus_decode_keboard_buffer              0x2000064c   Data          32  dbus.o(.bss)
    sbus_rx_buffer                           0x2000066c   Data          25  dbus.o(.bss)
    sbus_decode_buffer                       0x20000686   Data          30  dbus.o(.bss)
    hgt_ctrl                                 0x200006a4   Data         156  height_control.o(.bss)
    angle                                    0x20000740   Data          12  imu.o(.bss)
    speed                                    0x2000074c   Data          16  pwm_out.o(.bss)
    Cycle_T                                  0x2000075c   Data         120  time.o(.bss)
    __initial_sp                             0x20000bd8   Data           0  startup_stm32f4xx.o(STACK)



==============================================================================

Memory Map of the image

  Image Entry point : 0x08000189

  Load Region LR_IROM1 (Base: 0x08000000, Size: 0x00005068, Max: 0x00040000, ABSOLUTE, COMPRESSED[0x00004ffc])

    Execution Region ER_IROM1 (Base: 0x08000000, Size: 0x00004bd8, Max: 0x00040000, ABSOLUTE)

    Base Addr    Size         Type   Attr      Idx    E Section Name        Object

    0x08000000   0x00000188   Data   RO           82    RESET               startup_stm32f4xx.o
    0x08000188   0x00000000   Code   RO         1449  * .ARM.Collect$$$$00000000  mc_w.l(entry.o)
    0x08000188   0x00000004   Code   RO         1542    .ARM.Collect$$$$00000001  mc_w.l(entry2.o)
    0x0800018c   0x00000004   Code   RO         1545    .ARM.Collect$$$$00000004  mc_w.l(entry5.o)
    0x08000190   0x00000000   Code   RO         1547    .ARM.Collect$$$$00000008  mc_w.l(entry7b.o)
    0x08000190   0x00000000   Code   RO         1549    .ARM.Collect$$$$0000000A  mc_w.l(entry8b.o)
    0x08000190   0x00000008   Code   RO         1550    .ARM.Collect$$$$0000000B  mc_w.l(entry9a.o)
    0x08000198   0x00000000   Code   RO         1552    .ARM.Collect$$$$0000000D  mc_w.l(entry10a.o)
    0x08000198   0x00000000   Code   RO         1554    .ARM.Collect$$$$0000000F  mc_w.l(entry11a.o)
    0x08000198   0x00000004   Code   RO         1543    .ARM.Collect$$$$00002712  mc_w.l(entry2.o)
    0x0800019c   0x000000e0   Code   RO            3    .text               misc.o
    0x0800027c   0x00000024   Code   RO           83    .text               startup_stm32f4xx.o
    0x080002a0   0x000003a8   Code   RO          244    .text               stm32f4xx_dma.o
    0x08000648   0x0000025c   Code   RO          313    .text               stm32f4xx_gpio.o
    0x080008a4   0x00000588   Code   RO          405    .text               stm32f4xx_rcc.o
    0x08000e2c   0x00000ca2   Code   RO          499    .text               stm32f4xx_tim.o
    0x08001ace   0x00000002   PAD
    0x08001ad0   0x0000041a   Code   RO          522    .text               stm32f4xx_usart.o
    0x08001eea   0x00000002   PAD
    0x08001eec   0x00000210   Code   RO          568    .text               system_stm32f4xx.o
    0x080020fc   0x000002fc   Code   RO          594    .text               android.o
    0x080023f8   0x00000110   Code   RO          723    .text               schedule.o
    0x08002508   0x000000fc   Code   RO          758    .text               board.o
    0x08002604   0x00000324   Code   RO          834    .text               dbus.o
    0x08002928   0x00000030   Code   RO          984    .text               led.o
    0x08002958   0x000004e8   Code   RO         1057    .text               mymath.o
    0x08002e40   0x000008c4   Code   RO         1106    .text               pwm_out.o
    0x08003704   0x00000094   Code   RO         1180    .text               time.o
    0x08003798   0x000002a4   Code   RO         1203    .text               uart5.o
    0x08003a3c   0x00000020   Code   RO         1262    .text               main.o
    0x08003a5c   0x00000084   Code   RO         1364    .text               stm32f4xx_it.o
    0x08003ae0   0x0000014e   Code   RO         1454    .text               mf_w.l(dadd.o)
    0x08003c2e   0x000000e4   Code   RO         1456    .text               mf_w.l(dmul.o)
    0x08003d12   0x000000de   Code   RO         1458    .text               mf_w.l(ddiv.o)
    0x08003df0   0x00000022   Code   RO         1460    .text               mf_w.l(dflti.o)
    0x08003e12   0x0000003e   Code   RO         1462    .text               mf_w.l(dfixi.o)
    0x08003e50   0x00000026   Code   RO         1464    .text               mf_w.l(f2d.o)
    0x08003e76   0x00000002   PAD
    0x08003e78   0x00000030   Code   RO         1466    .text               mf_w.l(cdcmple.o)
    0x08003ea8   0x00000030   Code   RO         1468    .text               mf_w.l(cdrcmple.o)
    0x08003ed8   0x00000038   Code   RO         1470    .text               mf_w.l(d2f.o)
    0x08003f10   0x0000001e   Code   RO         1556    .text               mc_w.l(llshl.o)
    0x08003f2e   0x00000020   Code   RO         1558    .text               mc_w.l(llushr.o)
    0x08003f4e   0x00000024   Code   RO         1560    .text               mc_w.l(llsshr.o)
    0x08003f72   0x00000000   Code   RO         1569    .text               mc_w.l(iusefp.o)
    0x08003f72   0x0000006e   Code   RO         1570    .text               mf_w.l(fepilogue.o)
    0x08003fe0   0x000000ba   Code   RO         1572    .text               mf_w.l(depilogue.o)
    0x0800409a   0x00000002   PAD
    0x0800409c   0x00000024   Code   RO         1578    .text               mc_w.l(init.o)
    0x080040c0   0x0000001a   Code   RO         1582    .text               mf_w.l(dfltui.o)
    0x080040da   0x00000056   Code   RO         1592    .text               mc_w.l(__dczerorl2.o)
    0x08004130   0x00000030   Code   RO         1495    i.__ARM_fpclassify  m_wm.l(fpclassify.o)
    0x08004160   0x000000c8   Code   RO         1399    i.__hardfp_cos      m_wm.l(cos.o)
    0x08004228   0x00000438   Code   RO         1516    i.__ieee754_rem_pio2  m_wm.l(rred.o)
    0x08004660   0x00000170   Code   RO         1472    i.__kernel_cos      m_wm.l(cos_i.o)
    0x080047d0   0x000000f8   Code   RO         1513    i.__kernel_poly     m_wm.l(poly.o)
    0x080048c8   0x00000130   Code   RO         1524    i.__kernel_sin      m_wm.l(sin_i.o)
    0x080049f8   0x00000014   Code   RO         1476    i.__mathlib_dbl_infnan  m_wm.l(dunder.o)
    0x08004a0c   0x00000004   PAD
    0x08004a10   0x00000020   Code   RO         1478    i.__mathlib_dbl_invalid  m_wm.l(dunder.o)
    0x08004a30   0x00000020   Code   RO         1481    i.__mathlib_dbl_underflow  m_wm.l(dunder.o)
    0x08004a50   0x0000000e   Code   RO         1586    i.__scatterload_copy  mc_w.l(handlers.o)
    0x08004a5e   0x00000002   Code   RO         1587    i.__scatterload_null  mc_w.l(handlers.o)
    0x08004a60   0x0000000e   Code   RO         1588    i.__scatterload_zeroinit  mc_w.l(handlers.o)
    0x08004a6e   0x00000002   PAD
    0x08004a70   0x0000000c   Code   RO         1564    i.__set_errno       mc_w.l(errno.o)
    0x08004a7c   0x00000018   Code   RO         1491    i.fabs              m_wm.l(fabs.o)
    0x08004a94   0x00000004   PAD
    0x08004a98   0x00000030   Data   RO         1473    .constdata          m_wm.l(cos_i.o)
    0x08004ac8   0x000000c8   Data   RO         1518    .constdata          m_wm.l(rred.o)
    0x08004b90   0x00000028   Data   RO         1525    .constdata          m_wm.l(sin_i.o)
    0x08004bb8   0x00000020   Data   RO         1584    Region$$Table       anon$$obj.o


    Execution Region RW_IRAM1 (Base: 0x20000000, Size: 0x00000bd8, Max: 0x00010000, ABSOLUTE, COMPRESSED[0x00000424])

    Base Addr    Size         Type   Attr      Idx    E Section Name        Object

    0x20000000   0x00000010   Data   RW          406    .data               stm32f4xx_rcc.o
    0x20000010   0x00000014   Data   RW          569    .data               system_stm32f4xx.o
    0x20000024   0x00000004   PAD
    0x20000028   0x00000009   Data   RW          725    .data               schedule.o
    0x20000031   0x00000003   PAD
    0x20000034   0x00000004   Data   RW          759    .data               board.o
    0x20000038   0x00000040   Data   RW          931    .data               imu.o
    0x20000078   0x00000404   Data   RW         1058    .data               mymath.o
    0x2000047c   0x0000000a   Data   RW         1108    .data               pwm_out.o
    0x20000486   0x00000002   PAD
    0x20000488   0x00000004   Data   RW         1204    .data               uart5.o
    0x2000048c   0x00000004   Data   RW         1565    .data               mc_w.l(errno.o)
    0x20000490   0x00000076   Zero   RW          595    .bss                android.o
    0x20000506   0x0000000c   Zero   RW          724    .bss                schedule.o
    0x20000512   0x00000002   PAD
    0x20000514   0x00000138   Zero   RW          789    .bss                control.o
    0x2000064c   0x00000058   Zero   RW          835    .bss                dbus.o
    0x200006a4   0x0000009c   Zero   RW          904    .bss                height_control.o
    0x20000740   0x0000000c   Zero   RW          930    .bss                imu.o
    0x2000074c   0x00000010   Zero   RW         1107    .bss                pwm_out.o
    0x2000075c   0x00000078   Zero   RW         1181    .bss                time.o
    0x200007d4   0x00000004   PAD
    0x200007d8   0x00000400   Zero   RW           80    STACK               startup_stm32f4xx.o


==============================================================================

Image component sizes


      Code (inc. data)   RO Data    RW Data    ZI Data      Debug   Object Name

       764         50          0          0        118     212000   android.o
       252         16          0          4          0      28453   board.o
         0          0          0          0        312       1079   control.o
       804         50          0          0         88       2169   dbus.o
         0          0          0          0        156        751   height_control.o
         0          0          0         64         12        917   imu.o
        48          4          0          0          0        499   led.o
        32          6          0          0          0        467   main.o
       224         20          0          0          0     272705   misc.o
      1256        110          0       1028          0       4183   mymath.o
      2244        124          0         10         16       2531   pwm_out.o
       272         16          0          9         12       2333   schedule.o
        36          8        392          0       1024        840   startup_stm32f4xx.o
       936         32          0          0          0      18957   stm32f4xx_dma.o
       604         36          0          0          0      10445   stm32f4xx_gpio.o
       132         16          0          0          0       1402   stm32f4xx_it.o
      1416         48          0         16          0      23915   stm32f4xx_rcc.o
      3234         60          0          0          0      42736   stm32f4xx_tim.o
      1050         26          0          0          0      13776   stm32f4xx_usart.o
       528         46          0         20          0       1879   system_stm32f4xx.o
       148          8          0          0        120       1188   time.o
       676         26          0          4          0       1575   uart5.o

    ----------------------------------------------------------------------
     14660        702        424       1164       1864     644800   Object Totals
         0          0         32          0          0          0   (incl. Generated)
         4          0          0          9          6          0   (incl. Padding)

    ----------------------------------------------------------------------

      Code (inc. data)   RO Data    RW Data    ZI Data      Debug   Library Member Name

       200         20          0          0          0        164   cos.o
       368         46         48          0          0        200   cos_i.o
        84         16          0          0          0        372   dunder.o
        24          0          0          0          0        124   fabs.o
        48          0          0          0          0        124   fpclassify.o
       248          0          0          0          0        152   poly.o
      1080        142        200          0          0        188   rred.o
       304         24         40          0          0        208   sin_i.o
        86          0          0          0          0          0   __dczerorl2.o
         0          0          0          0          0          0   entry.o
         0          0          0          0          0          0   entry10a.o
         0          0          0          0          0          0   entry11a.o
         8          4          0          0          0          0   entry2.o
         4          0          0          0          0          0   entry5.o
         0          0          0          0          0          0   entry7b.o
         0          0          0          0          0          0   entry8b.o
         8          4          0          0          0          0   entry9a.o
        12          6          0          4          0         68   errno.o
        30          0          0          0          0          0   handlers.o
        36          8          0          0          0         68   init.o
         0          0          0          0          0          0   iusefp.o
        30          0          0          0          0         68   llshl.o
        36          0          0          0          0         68   llsshr.o
        32          0          0          0          0         68   llushr.o
        48          0          0          0          0         68   cdcmple.o
        48          0          0          0          0         68   cdrcmple.o
        56          0          0          0          0         88   d2f.o
       334          0          0          0          0        148   dadd.o
       222          0          0          0          0        100   ddiv.o
       186          0          0          0          0        176   depilogue.o
        62          0          0          0          0         80   dfixi.o
        34          0          0          0          0         76   dflti.o
        26          0          0          0          0         76   dfltui.o
       228          0          0          0          0         96   dmul.o
        38          0          0          0          0         68   f2d.o
       110          0          0          0          0        168   fepilogue.o

    ----------------------------------------------------------------------
      4044        270        288          4          0       3084   Library Totals
        14          0          0          0          0          0   (incl. Padding)

    ----------------------------------------------------------------------

      Code (inc. data)   RO Data    RW Data    ZI Data      Debug   Library Name

      2356        248        288          0          0       1532   m_wm.l
       282         22          0          4          0        340   mc_w.l
      1392          0          0          0          0       1212   mf_w.l

    ----------------------------------------------------------------------
      4044        270        288          4          0       3084   Library Totals

    ----------------------------------------------------------------------

==============================================================================


      Code (inc. data)   RO Data    RW Data    ZI Data      Debug   

     18704        972        712       1168       1864     643240   Grand Totals
     18704        972        712       1060       1864     643240   ELF Image Totals (compressed)
     18704        972        712       1060          0          0   ROM Totals

==============================================================================

    Total RO  Size (Code + RO Data)                19416 (  18.96kB)
    Total RW  Size (RW Data + ZI Data)              3032 (   2.96kB)
    Total ROM Size (Code + RO Data + RW Data)      20476 (  20.00kB)

==============================================================================

