<html>
<body>
<pre>
<h1>µVision Build Log</h1>
<h2>Tool Versions:</h2>
IDE-Version: ¶ÃVision V5.21.1.0
Copyright (C) 2016 ARM Ltd and ARM Germany GmbH. All rights reserved.
License Information: 1 2, 3, LIC=KRMQD-8MPE4-UGU7Q-N9V7I-D5AIX-A9TU7
 
Tool Versions:
Toolchain:       MDK-ARM Plus  Version: 5.21a
Toolchain Path:  C:\Keil_v5\ARM\ARMCC\Bin
C Compiler:      Armcc.exe V5.06 update 3 (build 300)
Assembler:       Armasm.exe V5.06 update 3 (build 300)
Linker/Locator:  ArmLink.exe V5.06 update 3 (build 300)
Library Manager: ArmAr.exe V5.06 update 3 (build 300)
Hex Converter:   FromElf.exe V5.06 update 3 (build 300)
CPU DLL:         SARMCM3.DLL V5.21a
Dialog DLL:      DCM.DLL V1.13.8.0
Target DLL:      CMSIS_AGDI.dll V1.26.5.0
Dialog DLL:      TCM.DLL V1.14.14.0
 
<h2>Project:</h2>
C:\Users\Aero\Documents\GitHub\FlightCtrlF4x1\motor\FC_401.uvprojx
Project File Date:  03/26/2018

<h2>Output:</h2>
*** Using Compiler 'V5.06 update 3 (build 300)', folder: 'C:\Keil_v5\ARM\ARMCC\Bin'
Build target 'FC_401'
compiling board.c...
Mylib\android.h(33): warning:  #1-D: last line of file ends without a newline
  #endif
Mylib\board.c: 1 warning, 0 errors
compiling android.c...
Mylib\android.h(33): warning:  #1-D: last line of file ends without a newline
  #endif
Mylib\android.h(33): warning:  #1-D: last line of file ends without a newline
  #endif
Mylib\android.c: 2 warnings, 0 errors
compiling schedule.c...
Mylib\android.h(33): warning:  #1-D: last line of file ends without a newline
  #endif
Mylib\schedule.c(16): warning:  #550-D: variable "loop_time_500hz" was set but never used
  	float loop_time_500hz;
Mylib\schedule.c(24): warning:  #177-D: variable "loop_time_200hz" was declared but never referenced
  		float loop_time_200hz;
Mylib\schedule.c(58): warning:  #550-D: variable "loop_time_20hz" was set but never used
  	float loop_time_20hz;
Mylib\schedule.c: 4 warnings, 0 errors
compiling data_send.c...
Mylib\android.h(33): warning:  #1-D: last line of file ends without a newline
  #endif
Mylib\data_send.c: 1 warning, 0 errors
compiling control.c...
Mylib\android.h(33): warning:  #1-D: last line of file ends without a newline
  #endif
Mylib\control.c: 1 warning, 0 errors
compiling dbus.c...
Mylib\android.h(33): warning:  #1-D: last line of file ends without a newline
  #endif
Mylib\dbus.c(92): warning:  #177-D: variable "sbus_decode_buffer" was declared but never referenced
  	int16_t sbus_decode_buffer[4];
Mylib\dbus.c: 2 warnings, 0 errors
compiling filter.c...
Mylib\android.h(33): warning:  #1-D: last line of file ends without a newline
  #endif
Mylib\filter.c: 1 warning, 0 errors
compiling flash.c...
Mylib\android.h(33): warning:  #1-D: last line of file ends without a newline
  #endif
Mylib\flash.c: 1 warning, 0 errors
compiling height_control.c...
Mylib\android.h(33): warning:  #1-D: last line of file ends without a newline
  #endif
Mylib\height_control.c: 1 warning, 0 errors
compiling inertialNav.c...
Mylib\android.h(33): warning:  #1-D: last line of file ends without a newline
  #endif
Mylib\inertialNav.c(12): warning:  #177-D: variable "run_times" was declared but never referenced
  	  static u16 run_times = 0;
Mylib\inertialNav.c: 2 warnings, 0 errors
compiling led.c...
Mylib\android.h(33): warning:  #1-D: last line of file ends without a newline
  #endif
Mylib\led.c(13): warning:  #1-D: last line of file ends without a newline
  }
Mylib\led.c: 2 warnings, 0 errors
compiling imu.c...
Mylib\android.h(33): warning:  #1-D: last line of file ends without a newline
  #endif
Mylib\imu.c: 1 warning, 0 errors
compiling mymath.c...
compiling ms5611.c...
Mylib\android.h(33): warning:  #1-D: last line of file ends without a newline
  #endif
Mylib\ms5611.c: 1 warning, 0 errors
compiling mpu6050.c...
Mylib\android.h(33): warning:  #1-D: last line of file ends without a newline
  #endif
Mylib\mpu6050.c: 1 warning, 0 errors
compiling parameter.c...
Mylib\android.h(33): warning:  #1-D: last line of file ends without a newline
  #endif
Mylib\parameter.c(52): warning:  #550-D: variable "act_page_start" was set but never used
  	uint32_t act_page_start = 0;	//ËØ?È°?Ëµ?Âß?Âú?ÂùÄ
Mylib\parameter.c(53): warning:  #177-D: variable "data_cnt" was declared but never referenced
  	uint16_t data_cnt = 0;
Mylib\parameter.c(82): warning:  #550-D: variable "act_page_start" was set but never used
  	uint32_t act_page_start = 0;	//ËØ?È°?Ëµ?Âß?Âú?ÂùÄ
Mylib\parameter.c(83): warning:  #177-D: variable "data_cnt" was declared but never referenced
  	uint16_t data_cnt = 0;
Mylib\parameter.c: 5 warnings, 0 errors
compiling softiic.c...
Mylib\android.h(33): warning:  #1-D: last line of file ends without a newline
  #endif
Mylib\softiic.c: 1 warning, 0 errors
compiling pwm_out.c...
Mylib\android.h(33): warning:  #1-D: last line of file ends without a newline
  #endif
Mylib\pwm_out.c: 1 warning, 0 errors
compiling time.c...
Mylib\android.h(33): warning:  #1-D: last line of file ends without a newline
  #endif
Mylib\time.c: 1 warning, 0 errors
compiling spi.c...
Mylib\android.h(33): warning:  #1-D: last line of file ends without a newline
  #endif
Mylib\spi.c: 1 warning, 0 errors
compiling uart5.c...
Mylib\android.h(33): warning:  #1-D: last line of file ends without a newline
  #endif
Mylib\uart5.c(141): warning:  #550-D: variable "i" was set but never used
  	u16 i;
Mylib\uart5.c: 2 warnings, 0 errors
compiling usart2.c...
Mylib\usart2.h(25): warning:  #1-D: last line of file ends without a newline
  #endif
Mylib\usart2.c: 1 warning, 0 errors
compiling usart1.c...
Mylib\android.h(33): warning:  #1-D: last line of file ends without a newline
  #endif
Mylib\usart1.c: 1 warning, 0 errors
compiling main.c...
.\Mylib\android.h(33): warning:  #1-D: last line of file ends without a newline
  #endif
USR\main.c: 1 warning, 0 errors
compiling stm32f4xx_it.c...
.\Mylib\android.h(33): warning:  #1-D: last line of file ends without a newline
  #endif
USR\stm32f4xx_it.c: 1 warning, 0 errors
linking...
Program Size: Code=18704 RO-data=712 RW-data=1168 ZI-data=1864  
FromELF: creating hex file...
".\Objects\FC_401.axf" - 0 Error(s), 36 Warning(s).

<h2>Collection of Component include folders:</h2>
  C:\Users\Aero\Documents\GitHub\FlightCtrlF4x1\motor\RTE
  C:\Keil_v5\ARM\PACK\Keil\STM32F4xx_DFP\2.11.0\Drivers\CMSIS\Device\ST\STM32F4xx\Include

<h2>Collection of Component Files used:</h2>
Build Time Elapsed:  00:00:08
</pre>
</body>
</html>
